/Library/Java/JavaVirtualMachines/openlogic-openjdk-11.jdk/Contents/Home/bin/jcmd 54220 GC.class_histogram -all
54220:
 num     #instances         #bytes  class name (module)
-------------------------------------------------------
   1:         29301        2072416  [B (java.base@11.0.24)
   2:          3611        2056328  [I (java.base@11.0.24)
   3:         20666         495984  java.lang.String (java.base@11.0.24)
   4:         15443         494176  java.util.HashMap$Node (java.base@11.0.24)
   5:          7192         402752  jdk.internal.org.objectweb.asm.Item (java.base@11.0.24)
   6:          8777         401464  [Ljava.lang.Object; (java.base@11.0.24)
   7:          1541         267216  [Ljava.util.HashMap$Node; (java.base@11.0.24)
   8:          2099         254288  java.lang.Class (java.base@11.0.24)
   9:           255         182640  [Ljdk.internal.org.objectweb.asm.Item; (java.base@11.0.24)
  10:          5424         149160  [Ljava.lang.Class; (java.base@11.0.24)
  11:          4528         144896  java.util.concurrent.ConcurrentHashMap$Node (java.base@11.0.24)
  12:           399         134480  [C (java.base@11.0.24)
  13:          3131         125240  java.lang.invoke.MethodType (java.base@11.0.24)
  14:          3674         117568  java.lang.invoke.MethodType$ConcurrentWeakInternSet$WeakEntry (java.base@11.0.24)
  15:          2463          98520  java.util.TreeMap$Entry (java.base@11.0.24)
  16:          1027          90376  java.lang.reflect.Method (java.base@11.0.24)
  17:          2158          82448  [Ljava.lang.String; (java.base@11.0.24)
  18:          1646          79008  java.lang.invoke.MemberName (java.base@11.0.24)
  19:          1856          74240  java.util.LinkedHashMap$Entry (java.base@11.0.24)
  20:          2994          71856  java.lang.StringBuilder (java.base@11.0.24)
  21:           308          68992  jdk.internal.org.objectweb.asm.MethodWriter (java.base@11.0.24)
  22:          2022          64704  java.lang.invoke.LambdaForm$Name (java.base@11.0.24)
  23:          1226          58848  java.util.HashMap (java.base@11.0.24)
  24:           132          49728  [Ljava.util.concurrent.ConcurrentHashMap$Node; (java.base@11.0.24)
  25:           702          44656  [Ljava.lang.invoke.LambdaForm$Name; (java.base@11.0.24)
  26:           912          43776  java.nio.HeapCharBuffer (java.base@11.0.24)
  27:           782          37536  java.util.TreeMap (java.base@11.0.24)
  28:           189          32072  [J (java.base@11.0.24)
  29:           548          30688  java.lang.invoke.LambdaFormEditor$Transform (java.base@11.0.24)
  30:           757          30280  java.util.HashMap$KeyIterator (java.base@11.0.24)
  31:           169          29744  jdk.internal.org.objectweb.asm.ClassWriter (java.base@11.0.24)
  32:           426          27264  jdk.internal.org.objectweb.asm.Label (java.base@11.0.24)
  33:           979          23496  jdk.internal.org.objectweb.asm.ByteVector (java.base@11.0.24)
  34:           320          21760  [Ljava.lang.ref.SoftReference; (java.base@11.0.24)
  35:           880          21120  java.util.ArrayList (java.base@11.0.24)
  36:           256          20480  java.lang.reflect.Constructor (java.base@11.0.24)
  37:           636          20352  java.util.ArrayList$Itr (java.base@11.0.24)
  38:           333          18648  jdk.internal.org.objectweb.asm.AnnotationWriter (java.base@11.0.24)
  39:           713          17112  java.util.ImmutableCollections$SetN$SetNIterator (java.base@11.0.24)
  40:           500          16000  java.util.Formatter$FixedString (java.base@11.0.24)
  41:           400          16000  java.util.Formatter$FormatSpecifier (java.base@11.0.24)
  42:           649          15576  java.util.ImmutableCollections$Set12$1 (java.base@11.0.24)
  43:           400          14400  [Ljava.util.Formatter$Flags; (java.base@11.0.24)
  44:           423          13536  java.util.TreeMap$KeyIterator (java.base@11.0.24)
  45:           422          13504  java.util.TreeMap$ValueIterator (java.base@11.0.24)
  46:           208          13312  java.nio.DirectByteBufferR (java.base@11.0.24)
  47:           399          12768  jdk.internal.org.objectweb.asm.Type (java.base@11.0.24)
  48:           193          12352  java.lang.Class$ReflectionData (java.base@11.0.24)
  49:           307          12280  java.lang.ref.SoftReference (java.base@11.0.24)
  50:           505          12120  java.lang.PublicMethods$Key (java.base@11.0.24)
  51:           505          12120  java.lang.PublicMethods$MethodList (java.base@11.0.24)
  52:           488          11712  java.lang.module.ModuleDescriptor$Exports (java.base@11.0.24)
  53:           487          11688  java.lang.invoke.ResolvedMethodName (java.base@11.0.24)
  54:           161          11592  java.lang.reflect.Field (java.base@11.0.24)
  55:           203          11368  java.lang.invoke.MethodTypeForm (java.base@11.0.24)
  56:           236          11328  jdk.internal.org.objectweb.asm.Frame (java.base@11.0.24)
  57:           194          11136  [Ljava.lang.reflect.Method; (java.base@11.0.24)
  58:           222          10656  java.lang.invoke.ClassSpecializer$Factory$1Var (java.base@11.0.24)
  59:           323          10336  java.lang.invoke.LambdaForm$NamedFunction (java.base@11.0.24)
  60:           636          10176  java.util.Optional (java.base@11.0.24)
  61:           422          10128  javax.management.ImmutableDescriptor (java.management@11.0.24)
  62:           248           9920  java.util.HashMap$EntryIterator (java.base@11.0.24)
  63:           620           9920  java.util.HashSet (java.base@11.0.24)
  64:           394           9456  java.lang.reflect.ProxyGenerator$ConstantPool$IndirectEntry (java.base@11.0.24)
  65:            83           8632  java.lang.invoke.InnerClassLambdaMetafactory (java.base@11.0.24)
  66:           265           8480  java.util.TreeMap$EntryIterator (java.base@11.0.24)
  67:           169           8112  java.lang.invoke.LambdaForm (java.base@11.0.24)
  68:           247           7904  sun.security.util.KnownOIDs (java.base@11.0.24)
  69:           466           7456  java.lang.invoke.LambdaFormEditor (java.base@11.0.24)
  70:           184           7360  java.lang.invoke.DirectMethodHandle$Accessor (java.base@11.0.24)
  71:           301           7328  [Ljavax.management.Descriptor; (java.management@11.0.24)
  72:           100           7200  java.util.regex.Matcher (java.base@11.0.24)
  73:           135           7056  [Ljava.lang.invoke.MethodHandle; (java.base@11.0.24)
  74:           220           7040  java.lang.module.ModuleDescriptor$Requires (java.base@11.0.24)
  75:           110           7040  java.util.concurrent.ConcurrentHashMap (java.base@11.0.24)
  76:           423           6768  java.util.TreeMap$KeySet (java.base@11.0.24)
  77:           422           6752  java.util.TreeMap$Values (java.base@11.0.24)
  78:           280           6720  java.util.ImmutableCollections$Set12 (java.base@11.0.24)
  79:           100           6624  [S (java.base@11.0.24)
  80:           410           6560  java.util.Formatter$Flags (java.base@11.0.24)
  81:           117           6552  java.util.stream.ReferencePipeline$Head (java.base@11.0.24)
  82:            81           6480  java.net.URI (java.base@11.0.24)
  83:           401           6416  java.lang.Byte (java.base@11.0.24)
  84:           264           6336  java.lang.Long (java.base@11.0.24)
  85:           261           6264  java.util.KeyValueHolder (java.base@11.0.24)
  86:           256           6144  java.lang.invoke.MethodHandles$Lookup (java.base@11.0.24)
  87:            91           5824  java.net.URL (java.base@11.0.24)
  88:             7           5696  [[Ljava.lang.Object; (java.base@11.0.24)
  89:           174           5568  java.lang.invoke.BoundMethodHandle$Species_L (java.base@11.0.24)
  90:           114           5472  jdk.internal.ref.CleanerImpl$PhantomCleanableRef (java.base@11.0.24)
  91:            84           5376  java.util.stream.ReferencePipeline$2 (java.base@11.0.24)
  92:           224           5312  [Ljavax.management.MBeanParameterInfo; (java.management@11.0.24)
  93:           331           5296  java.lang.Integer (java.base@11.0.24)
  94:           219           5256  java.util.Arrays$ArrayList (java.base@11.0.24)
  95:            82           5248  java.lang.invoke.InvokerBytecodeGenerator (java.base@11.0.24)
  96:           130           5200  java.util.WeakHashMap$Entry (java.base@11.0.24)
  97:           159           5088  java.lang.invoke.DirectMethodHandle (java.base@11.0.24)
  98:            79           5056  jdk.internal.org.objectweb.asm.FieldWriter (java.base@11.0.24)
  99:            78           4992  java.lang.module.ModuleDescriptor (java.base@11.0.24)
 100:           155           4960  com.sun.jmx.mbeanserver.ConvertingMethod (java.management@11.0.24)
 101:           205           4920  java.util.ImmutableCollections$SetN (java.base@11.0.24)
 102:           305           4880  java.lang.Object (java.base@11.0.24)
 103:           100           4800  chapter_42.Customer
 104:           131           4544  [Ljavax.management.ObjectName$Property; (java.management@11.0.24)
 105:            81           4536  java.util.LinkedHashMap (java.base@11.0.24)
 106:           119           4504  [Ljdk.internal.org.objectweb.asm.Type; (java.base@11.0.24)
 107:            90           4392  [Ljavax.management.MBeanAttributeInfo; (java.management@11.0.24)
 108:           189           4376  [Ljava.lang.reflect.Constructor; (java.base@11.0.24)
 109:            78           4368  java.lang.Module (java.base@11.0.24)
 110:            78           4368  jdk.internal.module.Builder (java.base@11.0.24)
 111:            78           4368  jdk.internal.module.ModuleReferenceImpl (java.base@11.0.24)
 112:           265           4240  java.util.TreeMap$EntrySet (java.base@11.0.24)
 113:           173           4152  java.util.Arrays$ArrayItr (java.base@11.0.24)
 114:            40           4096  [Ljava.util.WeakHashMap$Entry; (java.base@11.0.24)
 115:           127           4064  java.lang.ref.WeakReference (java.base@11.0.24)
 116:           166           3984  jdk.internal.module.ServicesCatalog$ServiceProvider (java.base@11.0.24)
 117:            82           3936  java.lang.invoke.LambdaFormBuffer (java.base@11.0.24)
 118:           117           3744  java.util.ImmutableCollections$ListItr (java.base@11.0.24)
 119:           232           3712  java.util.Collections$UnmodifiableSet (java.base@11.0.24)
 120:            10           3680  java.lang.Thread (java.base@11.0.24)
 121:            90           3600  java.math.BigInteger (java.base@11.0.24)
 122:           218           3488  java.util.HashMap$EntrySet (java.base@11.0.24)
 123:            85           3400  java.lang.invoke.BoundMethodHandle$Species_LL (java.base@11.0.24)
 124:            78           3344  [Ljava.lang.module.ModuleDescriptor$Exports; (java.base@11.0.24)
 125:           166           3320  [Lcom.sun.jmx.mbeanserver.MXBeanMapping; (java.management@11.0.24)
 126:           205           3280  java.util.HashMap$KeySet (java.base@11.0.24)
 127:            80           3200  com.sun.management.internal.DiagnosticCommandArgumentInfo (jdk.management@11.0.24)
 128:            79           3160  java.util.Spliterators$IteratorSpliterator (java.base@11.0.24)
 129:            79           3160  javax.management.MBeanOperationInfo (java.management@11.0.24)
 130:            49           3136  javax.management.openmbean.OpenMBeanAttributeInfoSupport (java.management@11.0.24)
 131:           172           2752  jdk.internal.reflect.ConstantPool (java.base@11.0.24)
 132:           111           2664  java.lang.invoke.ConstantCallSite (java.base@11.0.24)
 133:           111           2664  java.lang.invoke.MethodHandleNatives$CallSiteContext (java.base@11.0.24)
 134:            54           2592  javax.management.MBeanInfo (java.management@11.0.24)
 135:           107           2568  com.sun.jmx.mbeanserver.MBeanAnalyzer$AttrMethods (java.management@11.0.24)
 136:            64           2560  java.io.ObjectStreamField (java.base@11.0.24)
 137:            40           2560  java.lang.invoke.BoundMethodHandle$Species_LLLLLLIIL (java.base@11.0.24)
 138:            53           2544  java.lang.invoke.BoundMethodHandle$Species_LLLL (java.base@11.0.24)
 139:           106           2544  java.security.Provider$ServiceKey (java.base@11.0.24)
 140:           106           2544  java.util.Collections$UnmodifiableCollection$1 (java.base@11.0.24)
 141:            51           2448  sun.util.locale.LocaleObjectCache$CacheEntry (java.base@11.0.24)
 142:            60           2400  java.lang.invoke.MethodHandleImpl$IntrinsicMethodHandle (java.base@11.0.24)
 143:            74           2368  java.util.concurrent.ConcurrentHashMap$ReservationNode (java.base@11.0.24)
 144:            42           2352  java.util.concurrent.ConcurrentHashMap$ValueIterator (java.base@11.0.24)
 145:            78           2320  [Ljava.lang.module.ModuleDescriptor$Requires; (java.base@11.0.24)
 146:            96           2304  java.util.ImmutableCollections$List12 (java.base@11.0.24)
 147:            41           2296  java.security.Provider$Service (java.base@11.0.24)
 148:            70           2240  com.sun.jmx.mbeanserver.WeakIdentityHashMap$IdentityWeakReference (java.management@11.0.24)
 149:            90           2160  jdk.internal.reflect.NativeConstructorAccessorImpl (java.base@11.0.24)
 150:            89           2136  java.util.concurrent.CopyOnWriteArrayList (java.base@11.0.24)
 151:            66           2112  java.lang.invoke.LambdaForm$Kind (java.base@11.0.24)
 152:             2           2096  [Lsun.security.util.KnownOIDs; (java.base@11.0.24)
 153:            65           2080  java.util.LinkedHashMap$LinkedEntryIterator (java.base@11.0.24)
 154:            65           2080  javax.management.MBeanAttributeInfo (java.management@11.0.24)
 155:            64           2048  [Ljavax.management.MBeanOperationInfo; (java.management@11.0.24)
 156:            84           2016  java.util.stream.ReferencePipeline$2$1 (java.base@11.0.24)
 157:            83           1992  java.lang.invoke.InfoFromMemberName (java.base@11.0.24)
 158:            83           1992  java.lang.invoke.InnerClassLambdaMetafactory$ForwardingMethodGenerator (java.base@11.0.24)
 159:            62           1984  java.lang.invoke.SimpleMethodHandle (java.base@11.0.24)
 160:            41           1968  com.sun.management.internal.DiagnosticCommandInfo (jdk.management@11.0.24)
 161:            82           1968  java.lang.invoke.InvokerBytecodeGenerator$CpPatch (java.base@11.0.24)
 162:            41           1968  java.util.logging.LogManager$LoggerWeakRef (java.logging@11.0.24)
 163:            82           1968  java.util.stream.FindOps$FindSink$OfRef (java.base@11.0.24)
 164:            60           1920  java.lang.ref.ReferenceQueue (java.base@11.0.24)
 165:            83           1880  [Ljava.lang.reflect.Type; (java.base@11.0.24)
 166:            78           1872  jdk.internal.module.SystemModuleFinders$2 (java.base@11.0.24)
 167:            75           1800  java.util.concurrent.ConcurrentHashMap$MapEntry (java.base@11.0.24)
 168:            75           1800  javax.management.ObjectName$Property (java.management@11.0.24)
 169:           112           1792  java.lang.reflect.ProxyGenerator$ConstantPool$ValueEntry (java.base@11.0.24)
 170:            79           1752  [Lsun.reflect.generics.tree.FieldTypeSignature; (java.base@11.0.24)
 171:            78           1640  [Ljava.lang.module.ModuleDescriptor$Provides; (java.base@11.0.24)
 172:            68           1632  java.lang.module.ModuleDescriptor$Provides (java.base@11.0.24)
 173:            68           1632  java.lang.module.ResolvedModule (java.base@11.0.24)
 174:            68           1632  jdk.internal.loader.BuiltinClassLoader$5 (java.base@11.0.24)
 175:            68           1632  jdk.internal.loader.BuiltinClassLoader$LoadedModule (java.base@11.0.24)
 176:            68           1632  jdk.internal.module.ModuleBootstrap$2 (java.base@11.0.24)
 177:            68           1632  jdk.internal.module.SystemModuleFinders$SystemModuleReader (java.base@11.0.24)
 178:            29           1624  java.lang.invoke.BoundMethodHandle$Species_LLLLLL (java.base@11.0.24)
 179:           100           1600  [Ljava.util.regex.IntHashSet; (java.base@11.0.24)
 180:            49           1568  java.io.File (java.base@11.0.24)
 181:            55           1560  [Ljavax.management.openmbean.OpenType; (java.management@11.0.24)
 182:            87           1544  [Lsun.reflect.generics.tree.TypeArgument; (java.base@11.0.24)
 183:            24           1536  java.lang.invoke.BoundMethodHandle$Species_LLLLLLII (java.base@11.0.24)
 184:            31           1488  java.lang.invoke.BoundMethodHandle$Species_LLLLL (java.base@11.0.24)
 185:            46           1472  java.util.concurrent.ConcurrentHashMap$ForwardingNode (java.base@11.0.24)
 186:            30           1440  java.time.temporal.ValueRange (java.base@11.0.24)
 187:            90           1440  jdk.internal.reflect.DelegatingConstructorAccessorImpl (java.base@11.0.24)
 188:             1           1424  [[B (java.base@11.0.24)
 189:            59           1416  java.lang.invoke.InnerClassLambdaMetafactory$1 (java.base@11.0.24)
 190:            59           1416  java.lang.invoke.StringConcatFactory$RecipeElement (java.base@11.0.24)
 191:            44           1408  java.util.logging.LogManager$LogNode (java.logging@11.0.24)
 192:            44           1408  javax.management.ObjectName (java.management@11.0.24)
 193:            25           1400  javax.management.MBeanServerNotification (java.management@11.0.24)
 194:            29           1392  [Ljava.lang.invoke.LambdaForm$NamedFunction; (java.base@11.0.24)
 195:            58           1392  java.time.LocalDateTime (java.base@11.0.24)
 196:            58           1392  sun.reflect.generics.tree.SimpleClassTypeSignature (java.base@11.0.24)
 197:            43           1376  java.util.LinkedHashMap$LinkedValueIterator (java.base@11.0.24)
 198:            43           1376  javax.management.MBeanParameterInfo (java.management@11.0.24)
 199:             7           1368  [Ljava.util.Map$Entry; (java.base@11.0.24)
 200:            34           1360  java.lang.NoSuchMethodException (java.base@11.0.24)
 201:            34           1360  java.util.StringJoiner (java.base@11.0.24)
 202:            24           1344  java.lang.invoke.BoundMethodHandle$Species_LLLLLLI (java.base@11.0.24)
 203:            83           1328  java.util.ImmutableCollections$ListN (java.base@11.0.24)
 204:            41           1312  com.sun.management.internal.DiagnosticCommandImpl$Wrapper (jdk.management@11.0.24)
 205:            78           1272  [Ljava.lang.module.ModuleDescriptor$Opens; (java.base@11.0.24)
 206:            31           1240  java.lang.invoke.BoundMethodHandle$Species_LLL (java.base@11.0.24)
 207:            31           1240  java.security.AccessControlContext (java.base@11.0.24)
 208:            30           1200  java.time.temporal.ChronoField (java.base@11.0.24)
 209:            25           1200  java.util.WeakHashMap (java.base@11.0.24)
 210:            38           1184  [Ljava.math.BigInteger; (java.base@11.0.24)
 211:            37           1184  sun.util.locale.BaseLocale (java.base@11.0.24)
 212:            37           1184  sun.util.locale.BaseLocale$Key (java.base@11.0.24)
 213:            73           1168  jdk.internal.module.SystemModuleFinders$3 (java.base@11.0.24)
 214:             8           1152  [Ljava.lang.invoke.VarHandle$AccessMode; (java.base@11.0.24)
 215:            24           1152  java.lang.invoke.BoundMethodHandle$SpeciesData (java.base@11.0.24)
 216:            48           1152  java.security.Provider$UString (java.base@11.0.24)
 217:             4           1128  [Ljava.lang.Integer; (java.base@11.0.24)
 218:            19           1064  javax.management.openmbean.ArrayType (java.management@11.0.24)
 219:             1           1040  [Ljava.lang.Byte; (java.base@11.0.24)
 220:             1           1040  [Ljava.lang.Long; (java.base@11.0.24)
 221:            43           1032  java.lang.PublicMethods (java.base@11.0.24)
 222:            41           1024  [Lcom.sun.management.internal.DiagnosticCommandArgumentInfo; (jdk.management@11.0.24)
 223:            20           1024  [Lsun.invoke.util.Wrapper; (java.base@11.0.24)
 224:            44           1016  [[Ljava.lang.annotation.Annotation; (java.base@11.0.24)
 225:            42           1008  java.time.LocalDate (java.base@11.0.24)
 226:            31            992  java.lang.invoke.VarHandle$AccessMode (java.base@11.0.24)
 227:            62            992  java.lang.ref.ReferenceQueue$Lock (java.base@11.0.24)
 228:            21            984  [Ljava.lang.reflect.Field; (java.base@11.0.24)
 229:            41            984  com.sun.jmx.mbeanserver.PerInterface$MethodAndSig (java.management@11.0.24)
 230:            41            984  java.util.jar.Attributes$Name (java.base@11.0.24)
 231:            24            960  [Ljava.lang.invoke.BoundMethodHandle$SpeciesData; (java.base@11.0.24)
 232:            20            960  java.nio.HeapByteBuffer (java.base@11.0.24)
 233:            30            960  java.security.Provider$EngineDescription (java.base@11.0.24)
 234:            59            944  [Ljava.lang.annotation.Annotation; (java.base@11.0.24)
 235:            58            928  sun.reflect.generics.tree.ClassTypeSignature (java.base@11.0.24)
 236:            23            920  com.sun.jmx.mbeanserver.MXBeanSupport (java.management@11.0.24)
 237:            38            912  java.util.Collections$UnmodifiableRandomAccessList (java.base@11.0.24)
 238:            28            896  java.time.zone.ZoneOffsetTransition (java.base@11.0.24)
 239:            28            896  java.util.logging.LogManager$LoggerContext$1 (java.logging@11.0.24)
 240:             7            888  [Ljava.lang.ClassValue$Entry; (java.base@11.0.24)
 241:             7            888  [Z (java.base@11.0.24)
 242:            37            888  java.lang.reflect.ProxyGenerator$ExceptionTableEntry (java.base@11.0.24)
 243:            22            880  java.io.DataOutputStream (java.base@11.0.24)
 244:             6            864  [Ljava.lang.invoke.MemberName; (java.base@11.0.24)
 245:            35            840  java.lang.management.ManagementPermission (java.management@11.0.24)
 246:            35            840  java.util.Collections$SingletonList (java.base@11.0.24)
 247:            14            816  [Ljava.util.Hashtable$Entry; (java.base@11.0.24)
 248:            34            816  sun.reflect.generics.visitor.Reifier (java.base@11.0.24)
 249:            25            800  java.util.Locale (java.base@11.0.24)
 250:            14            784  javax.management.openmbean.OpenMBeanParameterInfoSupport (java.management@11.0.24)
 251:            32            768  com.sun.jmx.mbeanserver.DefaultMXBeanMappingFactory$IdentityMapping (java.management@11.0.24)
 252:            32            768  java.util.concurrent.CopyOnWriteArrayList$COWIterator (java.base@11.0.24)
 253:            23            736  sun.util.resources.Bundles$CacheKey (java.base@11.0.24)
 254:            13            728  java.util.logging.Logger (java.logging@11.0.24)
 255:            13            728  javax.management.openmbean.CompositeType (java.management@11.0.24)
 256:            18            720  java.lang.invoke.MethodHandleImpl$AsVarargsCollector (java.base@11.0.24)
 257:            15            720  java.lang.reflect.ProxyGenerator$MethodInfo (java.base@11.0.24)
 258:            18            720  sun.reflect.generics.repository.MethodRepository (java.base@11.0.24)
 259:            32            704  [Ljavax.management.MBeanNotificationInfo; (java.management@11.0.24)
 260:             8            696  [D (java.base@11.0.24)
 261:            29            696  java.time.LocalTime (java.base@11.0.24)
 262:            43            688  java.util.LinkedHashMap$LinkedValues (java.base@11.0.24)
 263:            23            664  [Ljava.io.ObjectStreamField; (java.base@11.0.24)
 264:            27            648  java.util.Date (java.base@11.0.24)
 265:            16            640  java.io.FileDescriptor (java.base@11.0.24)
 266:            16            640  java.security.CodeSource (java.base@11.0.24)
 267:             3            624  [Ljava.lang.invoke.LambdaForm; (java.base@11.0.24)
 268:            13            624  java.util.Hashtable (java.base@11.0.24)
 269:            26            624  sun.reflect.generics.parser.SignatureParser (java.base@11.0.24)
 270:            19            608  java.util.Hashtable$Entry (java.base@11.0.24)
 271:            25            600  com.sun.jmx.mbeanserver.NamedObject (java.management@11.0.24)
 272:            15            600  java.security.ProtectionDomain (java.base@11.0.24)
 273:            25            600  javax.management.ObjectInstance (java.management@11.0.24)
 274:            25            600  sun.reflect.generics.factory.CoreReflectionFactory (java.base@11.0.24)
 275:            24            576  java.lang.management.ManagementFactory$$Lambda$43/0x00000008000cb040 (java.management@11.0.24)
 276:             9            576  java.nio.DirectByteBuffer (java.base@11.0.24)
 277:            36            576  jdk.internal.logger.DefaultLoggerFinder$1 (java.base@11.0.24)
 278:             4            576  jdk.internal.reflect.MethodAccessorGenerator (java.base@11.0.24)
 279:            18            576  sun.reflect.generics.tree.MethodTypeSignature (java.base@11.0.24)
 280:             2            560  [Ljava.lang.invoke.LambdaForm$Kind; (java.base@11.0.24)
 281:            10            560  java.io.FileCleanable (java.base@11.0.24)
 282:            10            560  java.util.ServiceLoader (java.base@11.0.24)
 283:             7            560  java.util.concurrent.TimeUnit (java.base@11.0.24)
 284:            14            560  java.util.logging.Logger$ConfigurationData (java.logging@11.0.24)
 285:            14            560  javax.management.openmbean.SimpleType (java.management@11.0.24)
 286:            23            552  java.io.ByteArrayOutputStream (java.base@11.0.24)
 287:            11            528  com.sun.jmx.mbeanserver.DefaultMXBeanMappingFactory$CompositeMapping (java.management@11.0.24)
 288:            13            520  com.sun.jmx.mbeanserver.PerInterface (java.management@11.0.24)
 289:            13            520  java.util.HashMap$ValueIterator (java.base@11.0.24)
 290:            16            512  java.time.temporal.ChronoUnit (java.base@11.0.24)
 291:            16            512  jdk.internal.reflect.ClassFileAssembler (java.base@11.0.24)
 292:            21            504  java.lang.RuntimePermission (java.base@11.0.24)
 293:             9            504  java.util.Properties (java.base@11.0.24)
 294:            20            480  [Ljava.lang.reflect.TypeVariable; (java.base@11.0.24)
 295:            20            480  java.lang.Class$AnnotationData (java.base@11.0.24)
 296:            10            480  sun.invoke.util.Wrapper (java.base@11.0.24)
 297:            28            448  java.lang.invoke.StringConcatFactory$Recipe (java.base@11.0.24)
 298:            14            448  java.util.logging.LogManager$4 (java.logging@11.0.24)
 299:             8            448  sun.management.MemoryPoolImpl (java.management@11.0.24)
 300:             8            448  sun.util.calendar.ZoneInfo (java.base@11.0.24)
 301:            11            440  java.lang.reflect.ProxyGenerator$ProxyMethod (java.base@11.0.24)
 302:            18            432  sun.reflect.generics.reflectiveObjects.ParameterizedTypeImpl (java.base@11.0.24)
 303:            18            432  sun.reflect.generics.scope.MethodScope (java.base@11.0.24)
 304:            26            416  java.util.LinkedHashMap$LinkedEntrySet (java.base@11.0.24)
 305:             4            416  java.util.jar.JarFile$JarFileEntry (java.base@11.0.24)
 306:            13            416  sun.security.jca.ProviderConfig (java.base@11.0.24)
 307:            10            408  [Ljava.lang.invoke.MethodType; (java.base@11.0.24)
 308:            21            408  [Ljavax.management.MBeanConstructorInfo; (java.management@11.0.24)
 309:            17            408  java.time.Duration (java.base@11.0.24)
 310:            17            408  javax.management.StandardMBean (java.management@11.0.24)
 311:            10            400  java.io.FileInputStream (java.base@11.0.24)
 312:            10            400  java.lang.OutOfMemoryError (java.base@11.0.24)
 313:            10            400  java.util.Collections$SingletonMap (java.base@11.0.24)
 314:            10            400  java.util.ServiceLoader$LazyClassPathLookupIterator (java.base@11.0.24)
 315:            10            400  jdk.internal.logger.LazyLoggers$LazyLoggerAccessor (java.base@11.0.24)
 316:            10            400  sun.util.locale.LanguageTag (java.base@11.0.24)
 317:             6            384  java.lang.ClassValue$ClassValueMap (java.base@11.0.24)
 318:            16            384  jdk.internal.reflect.ByteVectorImpl (java.base@11.0.24)
 319:             8            384  sun.util.resources.Bundles$BundleReference (java.base@11.0.24)
 320:             1            376  com.intellij.rt.execution.application.AppMainV2$1
 321:             1            376  java.lang.ref.Finalizer$FinalizerThread (java.base@11.0.24)
 322:             1            376  java.util.logging.LogManager$Cleaner (java.logging@11.0.24)
 323:             1            376  jdk.internal.misc.InnocuousThread (java.base@11.0.24)
 324:             1            368  java.lang.ref.Reference$ReferenceHandler (java.base@11.0.24)
 325:            23            368  java.util.Collections$SingletonSet (java.base@11.0.24)
 326:            15            360  java.io.ExpiringCache$Entry (java.base@11.0.24)
 327:            15            360  java.lang.invoke.Invokers (java.base@11.0.24)
 328:            15            360  java.util.Collections$1 (java.base@11.0.24)
 329:             9            360  jdk.internal.reflect.UnsafeQualifiedStaticObjectFieldAccessorImpl (java.base@11.0.24)
 330:            21            352  [Lsun.reflect.generics.tree.FormalTypeParameter; (java.base@11.0.24)
 331:            11            352  java.lang.ClassValue$Entry (java.base@11.0.24)
 332:            11            352  java.lang.reflect.ProxyGenerator$FieldInfo (java.base@11.0.24)
 333:             4            352  jdk.internal.reflect.DelegatingClassLoader (java.base@11.0.24)
 334:            14            336  [Ljava.security.ProtectionDomain; (java.base@11.0.24)
 335:            14            336  java.lang.Class$1 (java.base@11.0.24)
 336:             6            336  java.nio.DirectLongBufferU (java.base@11.0.24)
 337:             6            336  java.util.concurrent.ConcurrentHashMap$EntryIterator (java.base@11.0.24)
 338:             1            328  [Ljava.lang.module.ModuleDescriptor; (java.base@11.0.24)
 339:             1            328  [Ljava.lang.module.ModuleReference; (java.base@11.0.24)
 340:             1            328  [Ljdk.internal.module.ModuleHashes; (java.base@11.0.24)
 341:             1            328  [Ljdk.internal.module.ModuleResolution; (java.base@11.0.24)
 342:             1            328  [Ljdk.internal.module.ModuleTarget; (java.base@11.0.24)
 343:            18            328  [Lsun.reflect.generics.tree.TypeSignature; (java.base@11.0.24)
 344:             8            320  java.lang.ClassLoader$NativeLibrary (java.base@11.0.24)
 345:             8            320  java.lang.invoke.VarHandleObjects$FieldInstanceReadWrite (java.base@11.0.24)
 346:            10            320  java.util.ServiceLoader$ModuleServicesLookupIterator (java.base@11.0.24)
 347:            10            320  java.util.stream.Collectors$CollectorImpl (java.base@11.0.24)
 348:            10            320  java.util.stream.ReduceOps$3 (java.base@11.0.24)
 349:            10            320  java.util.stream.ReduceOps$3ReducingSink (java.base@11.0.24)
 350:             5            320  java.util.stream.ReferencePipeline$3 (java.base@11.0.24)
 351:             5            320  java.util.stream.ReferencePipeline$7 (java.base@11.0.24)
 352:             8            320  sun.management.MemoryPoolImpl$CollectionSensor (java.management@11.0.24)
 353:             8            320  sun.management.MemoryPoolImpl$PoolSensor (java.management@11.0.24)
 354:            13            312  com.sun.jmx.mbeanserver.MBeanAnalyzer (java.management@11.0.24)
 355:            13            312  com.sun.jmx.mbeanserver.MBeanIntrospector$MBeanInfoMaker (java.management@11.0.24)
 356:             3            312  java.io.ObjectStreamClass (java.base@11.0.24)
 357:            13            312  java.util.concurrent.atomic.AtomicLong (java.base@11.0.24)
 358:             1            288  [Ljava.lang.module.ResolvedModule; (java.base@11.0.24)
 359:             4            288  java.lang.invoke.BoundMethodHandle$Species_LLLLLLLIIL (java.base@11.0.24)
 360:             3            288  java.net.SocksSocketImpl (java.base@11.0.24)
 361:            12            288  java.net.StandardSocketOptions$StdSocketOption (java.base@11.0.24)
 362:             9            288  java.util.ServiceLoader$ProviderImpl (java.base@11.0.24)
 363:             9            288  java.util.Vector (java.base@11.0.24)
 364:             9            288  java.util.logging.Level (java.logging@11.0.24)
 365:             9            288  java.util.logging.Level$KnownLevel (java.logging@11.0.24)
 366:             9            288  javax.management.MBeanNotificationInfo (java.management@11.0.24)
 367:             9            288  jdk.internal.loader.BuiltinClassLoader$1 (java.base@11.0.24)
 368:             7            280  [Ljava.lang.invoke.VarHandle$AccessType; (java.base@11.0.24)
 369:             7            280  [Ljava.util.stream.StreamOpFlag$Type; (java.base@11.0.24)
 370:             7            280  [Ljava.util.stream.StreamOpFlag; (java.base@11.0.24)
 371:             3            280  [[Ljava.lang.String; (java.base@11.0.24)
 372:             5            280  java.lang.invoke.BoundMethodHandle$Species_LLLLLLL (java.base@11.0.24)
 373:             7            280  sun.util.locale.InternalLocaleBuilder (java.base@11.0.24)
 374:            17            272  sun.invoke.util.ValueConversions$WrapperCache (java.base@11.0.24)
 375:            11            264  java.lang.invoke.MethodHandleImpl$Intrinsic (java.base@11.0.24)
 376:            11            264  java.util.Collections$2 (java.base@11.0.24)
 377:             2            256  [Ljava.time.LocalDateTime; (java.base@11.0.24)
 378:             8            256  java.lang.ThreadLocal$ThreadLocalMap$Entry (java.base@11.0.24)
 379:             8            256  java.lang.reflect.ProxyGenerator$PrimitiveTypeInfo (java.base@11.0.24)
 380:             8            256  java.util.ArrayDeque$DeqIterator (java.base@11.0.24)
 381:             8            256  java.util.ArrayList$ArrayListSpliterator (java.base@11.0.24)
 382:             8            256  sun.nio.fs.UnixPath (java.base@11.0.24)
 383:            10            240  [Ljava.security.Permission; (java.base@11.0.24)
 384:            15            240  [Ljava.security.Principal; (java.base@11.0.24)
 385:             6            240  java.lang.NoSuchMethodError (java.base@11.0.24)
 386:            10            240  java.nio.charset.CoderResult (java.base@11.0.24)
 387:            10            240  java.nio.file.StandardOpenOption (java.base@11.0.24)
 388:            15            240  java.security.ProtectionDomain$Key (java.base@11.0.24)
 389:            10            240  java.util.AbstractMap$SimpleImmutableEntry (java.base@11.0.24)
 390:             6            240  java.util.IdentityHashMap (java.base@11.0.24)
 391:            10            240  java.util.ServiceLoader$2 (java.base@11.0.24)
 392:            10            240  java.util.ServiceLoader$3 (java.base@11.0.24)
 393:             5            240  java.util.StringTokenizer (java.base@11.0.24)
 394:             5            240  java.util.zip.ZipFile$ZipFileInputStream (java.base@11.0.24)
 395:             5            240  sun.nio.cs.StreamEncoder (java.base@11.0.24)
 396:             5            240  sun.nio.cs.UTF_8$Encoder (java.base@11.0.24)
 397:             6            240  sun.rmi.transport.tcp.TCPEndpoint (java.rmi@11.0.24)
 398:             7            224  java.lang.invoke.VarHandle$AccessDescriptor (java.base@11.0.24)
 399:             7            224  java.security.Permissions (java.base@11.0.24)
 400:             7            224  java.util.Collections$UnmodifiableMap (java.base@11.0.24)
 401:             7            224  java.util.ImmutableCollections$MapN (java.base@11.0.24)
 402:             7            224  java.util.Spliterators$ArraySpliterator (java.base@11.0.24)
 403:             9            216  java.lang.WeakPairMap$Pair$Lookup (java.base@11.0.24)
 404:             9            216  java.security.SecureClassLoader$1 (java.base@11.0.24)
 405:             9            216  java.time.ZoneOffset (java.base@11.0.24)
 406:             9            216  java.util.ServiceLoader$1 (java.base@11.0.24)
 407:             9            216  java.util.regex.Pattern$BmpCharProperty (java.base@11.0.24)
 408:             3            216  sun.security.provider.NativePRNG$RandomIO (java.base@11.0.24)
 409:             9            216  sun.util.logging.PlatformLogger$Level (java.base@11.0.24)
 410:            13            208  com.sun.jmx.mbeanserver.PerInterface$InitMaps (java.management@11.0.24)
 411:            13            208  java.util.concurrent.atomic.AtomicInteger (java.base@11.0.24)
 412:             5            200  java.io.BufferedInputStream (java.base@11.0.24)
 413:             5            200  java.lang.invoke.DirectMethodHandle$Special (java.base@11.0.24)
 414:             5            200  java.util.EnumMap (java.base@11.0.24)
 415:             5            200  java.util.stream.StreamOpFlag (java.base@11.0.24)
 416:             5            200  sun.util.locale.StringTokenIterator (java.base@11.0.24)
 417:             6            192  com.sun.jmx.mbeanserver.DefaultMXBeanMappingFactory$CollectionMapping (java.management@11.0.24)
 418:             4            192  java.io.ClassCache$CacheRef (java.base@11.0.24)
 419:             4            192  java.lang.ThreadGroup (java.base@11.0.24)
 420:            12            192  java.lang.ThreadLocal (java.base@11.0.24)
 421:             6            192  java.lang.invoke.LambdaForm$BasicType (java.base@11.0.24)
 422:             6            192  java.net.InetAddress$InetAddressHolder (java.base@11.0.24)
 423:             8            192  java.net.NetPermission (java.base@11.0.24)
 424:             8            192  java.util.LinkedList$Node (java.base@11.0.24)
 425:             8            192  sun.rmi.runtime.Log$LoggerLog (java.rmi@11.0.24)
 426:             2            192  sun.util.calendar.Gregorian$Date (java.base@11.0.24)
 427:             6            192  sun.util.locale.provider.LocaleResources (java.base@11.0.24)
 428:             4            192  sun.util.locale.provider.LocaleResources$ResourceReference (java.base@11.0.24)
 429:             1            184  [Lcom.sun.management.internal.DiagnosticCommandInfo; (jdk.management@11.0.24)
 430:             2            176  [Ljava.time.ZoneOffset; (java.base@11.0.24)
 431:            11            176  java.lang.ClassLoader$2 (java.base@11.0.24)
 432:             1            168  [[Ljava.math.BigInteger; (java.base@11.0.24)
 433:             7            168  com.sun.jmx.remote.util.ClassLogger (java.management@11.0.24)
 434:             7            168  java.lang.System$Logger$Level (java.base@11.0.24)
 435:             3            168  java.util.concurrent.ConcurrentHashMap$KeyIterator (java.base@11.0.24)
 436:             3            168  javax.management.openmbean.OpenMBeanOperationInfoSupport (java.management@11.0.24)
 437:             7            168  jdk.internal.reflect.Label$PatchInfo (java.base@11.0.24)
 438:             7            168  jdk.internal.reflect.NativeMethodAccessorImpl (java.base@11.0.24)
 439:             7            168  sun.management.counter.Units (java.management@11.0.24)
 440:             7            168  sun.reflect.generics.scope.ClassScope (java.base@11.0.24)
 441:             3            168  sun.security.provider.SHA (java.base@11.0.24)
 442:             7            168  sun.util.resources.LocaleData$1 (java.base@11.0.24)
 443:             2            160  [Ljava.lang.ThreadLocal$ThreadLocalMap$Entry; (java.base@11.0.24)
 444:             4            160  [Ljava.lang.invoke.LambdaForm$BasicType; (java.base@11.0.24)
 445:             5            160  [Ljava.lang.invoke.LambdaFormEditor$Transform; (java.base@11.0.24)
 446:             3            160  [Ljava.util.logging.Level; (java.logging@11.0.24)
 447:             4            160  java.io.BufferedWriter (java.base@11.0.24)
 448:             4            160  java.lang.NoSuchFieldException (java.base@11.0.24)
 449:             2            160  java.lang.invoke.BoundMethodHandle$Species_LLLLLLLLIILL (java.base@11.0.24)
 450:             4            160  java.lang.invoke.DirectMethodHandle$Interface (java.base@11.0.24)
 451:             5            160  java.lang.invoke.VarHandle$AccessType (java.base@11.0.24)
 452:             4            160  java.util.HashMap$EntrySpliterator (java.base@11.0.24)
 453:             4            160  java.util.HashMap$ValueSpliterator (java.base@11.0.24)
 454:             5            160  java.util.RegularEnumSet (java.base@11.0.24)
 455:             5            160  java.util.regex.Pattern$Branch (java.base@11.0.24)
 456:             5            160  javax.management.StandardEmitterMBean (java.management@11.0.24)
 457:            10            160  jdk.internal.logger.LazyLoggers$JdkLazyLogger (java.base@11.0.24)
 458:             5            160  sun.util.locale.provider.LocaleProviderAdapter$Type (java.base@11.0.24)
 459:             4            144  [Ljava.lang.Thread; (java.base@11.0.24)
 460:             6            144  [Ljava.util.Enumeration; (java.base@11.0.24)
 461:             6            144  java.lang.CompoundEnumeration (java.base@11.0.24)
 462:             6            144  java.lang.invoke.StringConcatFactory$Strategy (java.base@11.0.24)
 463:             6            144  java.lang.invoke.VarForm (java.base@11.0.24)
 464:             9            144  java.security.SecureClassLoader$CodeSourceKey (java.base@11.0.24)
 465:             2            144  java.security.SecureRandom (java.base@11.0.24)
 466:             6            144  java.util.Collections$SynchronizedSet (java.base@11.0.24)
 467:             9            144  java.util.HashMap$Values (java.base@11.0.24)
 468:             6            144  java.util.regex.Pattern$GroupHead (java.base@11.0.24)
 469:             6            144  java.util.regex.Pattern$GroupTail (java.base@11.0.24)
 470:             6            144  jdk.internal.loader.BuiltinClassLoader$2 (java.base@11.0.24)
 471:             6            144  jdk.internal.perf.PerfCounter (java.base@11.0.24)
 472:             1            136  [Ljava.time.temporal.ChronoField; (java.base@11.0.24)
 473:             4            136  [Lsun.invoke.util.ValueConversions$WrapperCache; (java.base@11.0.24)
 474:             2            128  [Ljava.lang.invoke.MethodHandleImpl$Intrinsic; (java.base@11.0.24)
 475:             4            128  com.sun.jmx.mbeanserver.DefaultMXBeanMappingFactory$ArrayMapping (java.management@11.0.24)
 476:             4            128  java.io.DataInputStream (java.base@11.0.24)
 477:             2            128  java.io.ExpiringCache$1 (java.base@11.0.24)
 478:             2            128  java.lang.invoke.BoundMethodHandle$Species_LLLLLLLI (java.base@11.0.24)
 479:             2            128  java.lang.invoke.BoundMethodHandle$Species_LLLLLLLII (java.base@11.0.24)
 480:             2            128  java.lang.invoke.BoundMethodHandle$Species_LLLLLLLL (java.base@11.0.24)
 481:             4            128  java.lang.invoke.VarHandleInts$FieldInstanceReadWrite (java.base@11.0.24)
 482:             4            128  java.rmi.server.UID (java.rmi@11.0.24)
 483:             4            128  java.util.LinkedList (java.base@11.0.24)
 484:             4            128  java.util.concurrent.locks.ReentrantLock$NonfairSync (java.base@11.0.24)
 485:             8            128  java.util.jar.JarFile$1 (java.base@11.0.24)
 486:             4            128  jdk.internal.reflect.MethodAccessorGenerator$1 (java.base@11.0.24)
 487:             1            128  sun.nio.fs.UnixFileAttributes (java.base@11.0.24)
 488:             8            128  sun.util.logging.internal.LoggingProviderImpl$JULWrapper (java.logging@11.0.24)
 489:             5            120  [Ljava.net.InetAddress; (java.base@11.0.24)
 490:             5            120  [Ljava.util.regex.Pattern$Node; (java.base@11.0.24)
 491:             5            120  java.io.OutputStreamWriter (java.base@11.0.24)
 492:             3            120  java.lang.invoke.DirectMethodHandle$Constructor (java.base@11.0.24)
 493:             5            120  java.security.Permissions$1 (java.base@11.0.24)
 494:             5            120  java.util.ArrayDeque (java.base@11.0.24)
 495:             5            120  java.util.BitSet (java.base@11.0.24)
 496:             3            120  java.util.Properties$LineReader (java.base@11.0.24)
 497:             5            120  java.util.concurrent.ConcurrentSkipListMap$Index (java.base@11.0.24)
 498:             5            120  java.util.regex.Pattern$Ques (java.base@11.0.24)
 499:             5            120  java.util.stream.ReferencePipeline$3$1 (java.base@11.0.24)
 500:             5            120  java.util.stream.ReferencePipeline$7$1 (java.base@11.0.24)
 501:             5            120  java.util.stream.StreamOpFlag$Type (java.base@11.0.24)
 502:             1            120  jdk.internal.loader.ClassLoaders$AppClassLoader (java.base@11.0.24)
 503:             3            120  jdk.internal.loader.URLClassPath$JarLoader$2 (java.base@11.0.24)
 504:             5            120  jdk.internal.math.FloatingDecimal$PreparedASCIIToBinaryBuffer (java.base@11.0.24)
 505:             3            120  jdk.internal.reflect.UnsafeQualifiedStaticLongFieldAccessorImpl (java.base@11.0.24)
 506:             5            120  jdk.net.ExtendedSocketOptions$ExtSocketOption (jdk.net@11.0.24)
 507:             3            120  sun.rmi.transport.WeakRef (java.rmi@11.0.24)
 508:             5            120  sun.util.locale.ParseStatus (java.base@11.0.24)
 509:             4            112  [F (java.base@11.0.24)
 510:             1            112  [Ljava.time.LocalTime; (java.base@11.0.24)
 511:             7            112  java.io.FileInputStream$1 (java.base@11.0.24)
 512:             2            112  java.net.SocketPermission (java.base@11.0.24)
 513:             2            112  java.nio.DirectIntBufferRU (java.base@11.0.24)
 514:             1            112  jdk.internal.loader.ClassLoaders$BootClassLoader (java.base@11.0.24)
 515:             1            112  jdk.internal.loader.ClassLoaders$PlatformClassLoader (java.base@11.0.24)
 516:             7            112  jdk.internal.reflect.DelegatingMethodAccessorImpl (java.base@11.0.24)
 517:             2            112  sun.rmi.transport.Target (java.rmi@11.0.24)
 518:             2            104  [Lsun.util.logging.PlatformLogger$Level; (java.base@11.0.24)
 519:             1            104  sun.security.jca.ProviderList$1 (java.base@11.0.24)
 520:             1            104  sun.security.provider.Sun (java.base@11.0.24)
 521:             2             96  [Ljava.lang.System$Logger$Level; (java.base@11.0.24)
 522:             3             96  com.sun.jmx.mbeanserver.DefaultMXBeanMappingFactory$EnumMapping (java.management@11.0.24)
 523:             2             96  com.sun.management.internal.GarbageCollectorExtImpl (jdk.management@11.0.24)
 524:             4             96  java.lang.Class$3 (java.base@11.0.24)
 525:             4             96  java.lang.ClassValue$Version (java.base@11.0.24)
 526:             3             96  java.lang.Runtime$Version (java.base@11.0.24)
 527:             4             96  java.lang.module.ModuleDescriptor$Modifier (java.base@11.0.24)
 528:             4             96  java.lang.module.ModuleDescriptor$Opens (java.base@11.0.24)
 529:             4             96  java.lang.module.ModuleDescriptor$Requires$Modifier (java.base@11.0.24)
 530:             2             96  java.lang.reflect.ProxyGenerator (java.base@11.0.24)
 531:             4             96  java.net.Inet4Address (java.base@11.0.24)
 532:             2             96  java.net.SocketCleanable (java.base@11.0.24)
 533:             3             96  java.net.URI$Parser (java.base@11.0.24)
 534:             3             96  java.nio.file.attribute.FileTime (java.base@11.0.24)
 535:             3             96  java.security.BasicPermissionCollection (java.base@11.0.24)
 536:             3             96  java.security.MessageDigest$Delegate (java.base@11.0.24)
 537:             3             96  java.util.Collections$SynchronizedMap (java.base@11.0.24)
 538:             6             96  java.util.Properties$EntrySet (java.base@11.0.24)
 539:             4             96  java.util.regex.Pattern$BmpCharPropertyGreedy (java.base@11.0.24)
 540:             4             96  java.util.regex.Pattern$Qtype (java.base@11.0.24)
 541:             4             96  java.util.stream.Collectors$$Lambda$36/0x00000008000cd040 (java.base@11.0.24)
 542:             4             96  java.util.stream.StreamShape (java.base@11.0.24)
 543:             3             96  javax.management.MBeanConstructorInfo (java.management@11.0.24)
 544:             2             96  javax.management.openmbean.TabularType (java.management@11.0.24)
 545:             4             96  jdk.internal.jimage.ImageLocation (java.base@11.0.24)
 546:             1             96  jdk.internal.jimage.ImageReader$SharedImageReader (java.base@11.0.24)
 547:             4             96  jdk.internal.loader.AbstractClassLoaderValue$Sub (java.base@11.0.24)
 548:             6             96  jdk.internal.loader.ClassLoaderValue (java.base@11.0.24)
 549:             3             96  jdk.internal.loader.URLClassPath$1 (java.base@11.0.24)
 550:             4             96  jdk.internal.logger.BootstrapLogger$LoggingBackend (java.base@11.0.24)
 551:             3             96  sun.net.spi.DefaultProxySelector$NonProxyInfo (java.base@11.0.24)
 552:             2             96  sun.nio.cs.ISO_8859_1$Encoder (java.base@11.0.24)
 553:             3             96  sun.reflect.generics.reflectiveObjects.TypeVariableImpl (java.base@11.0.24)
 554:             3             96  sun.reflect.generics.repository.ClassRepository (java.base@11.0.24)
 555:             3             96  sun.security.util.LazyCodeSourcePermissionCollection (java.base@11.0.24)
 556:             2             88  [Lsun.security.jca.ProviderConfig; (java.base@11.0.24)
 557:             1             88  java.util.regex.Pattern (java.base@11.0.24)
 558:             2             80  [Ljava.lang.invoke.StringConcatFactory$Strategy; (java.base@11.0.24)
 559:             1             80  [Ljava.time.temporal.ChronoUnit; (java.base@11.0.24)
 560:             1             80  [Ljava.util.concurrent.RunnableScheduledFuture; (java.base@11.0.24)
 561:             2             80  [Lsun.util.locale.provider.LocaleProviderAdapter$Type; (java.base@11.0.24)
 562:             2             80  com.sun.jmx.mbeanserver.DefaultMXBeanMappingFactory$TabularMapping (java.management@11.0.24)
 563:             5             80  com.sun.jmx.mbeanserver.GetPropertyAction (java.management@11.0.24)
 564:             2             80  java.io.ExpiringCache (java.base@11.0.24)
 565:             2             80  java.io.FileOutputStream (java.base@11.0.24)
 566:             2             80  java.io.FilePermission (java.base@11.0.24)
 567:             2             80  java.io.ObjectOutputStream$HandleTable (java.base@11.0.24)
 568:             2             80  java.io.PrintStream (java.base@11.0.24)
 569:             2             80  java.lang.ModuleLayer (java.base@11.0.24)
 570:             2             80  java.lang.VirtualMachineError (java.base@11.0.24)
 571:             1             80  java.lang.invoke.BoundMethodHandle$Species_LLLLLLLLLIIL (java.base@11.0.24)
 572:             1             80  java.lang.invoke.BoundMethodHandle$Species_LLLLLLLLLIILL (java.base@11.0.24)
 573:             2             80  java.lang.module.Configuration (java.base@11.0.24)
 574:             2             80  java.net.InetAddress$CachedAddresses (java.base@11.0.24)
 575:             5             80  java.security.AccessController$1 (java.base@11.0.24)
 576:             5             80  java.util.LinkedHashMap$LinkedKeySet (java.base@11.0.24)
 577:             2             80  java.util.Locale$Category (java.base@11.0.24)
 578:             5             80  java.util.ResourceBundle$ResourceBundleProviderHelper$$Lambda$22/0x000000080009f040 (java.base@11.0.24)
 579:             5             80  java.util.concurrent.ConcurrentHashMap$EntrySetView (java.base@11.0.24)
 580:             1             80  java.util.concurrent.ScheduledThreadPoolExecutor (java.base@11.0.24)
 581:             5             80  java.util.regex.Pattern$BranchConn (java.base@11.0.24)
 582:             5             80  java.util.stream.StreamOpFlag$MaskBuilder (java.base@11.0.24)
 583:             2             80  jdk.internal.loader.AbstractClassLoaderValue$Memoizer (java.base@11.0.24)
 584:             2             80  jdk.internal.math.FloatingDecimal$BinaryToASCIIBuffer (java.base@11.0.24)
 585:             5             80  jdk.internal.reflect.ReflectionFactory$GetReflectionFactoryAction (java.base@11.0.24)
 586:             2             80  sun.management.MemoryManagerImpl (java.management@11.0.24)
 587:             5             80  sun.security.action.GetBooleanAction (java.base@11.0.24)
 588:             1             80  sun.util.cldr.CLDRLocaleProviderAdapter (java.base@11.0.24)
 589:             1             80  sun.util.locale.provider.JRELocaleProviderAdapter (java.base@11.0.24)
 590:             1             80  sun.util.locale.provider.LocaleProviderAdapter$NonExistentAdapter (java.base@11.0.24)
 591:             2             72  [Ljava.lang.Runnable; (java.base@11.0.24)
 592:             3             72  [Ljavax.management.openmbean.OpenMBeanParameterInfo; (java.management@11.0.24)
 593:             1             72  [Ljavax.management.openmbean.SimpleType; (java.management@11.0.24)
 594:             3             72  java.io.ObjectStreamClass$2 (java.base@11.0.24)
 595:             3             72  java.io.ObjectStreamClass$ClassDataSlot (java.base@11.0.24)
 596:             3             72  java.io.ObjectStreamClass$FieldReflectorKey (java.base@11.0.24)
 597:             3             72  java.lang.NamedPackage (java.base@11.0.24)
 598:             3             72  java.lang.WeakPairMap (java.base@11.0.24)
 599:             3             72  java.lang.annotation.RetentionPolicy (java.base@11.0.24)
 600:             1             72  java.lang.invoke.BoundMethodHandle$Species_LLLLLLLLII (java.base@11.0.24)
 601:             1             72  java.lang.invoke.BoundMethodHandle$Species_LLLLLLLLIIL (java.base@11.0.24)
 602:             1             72  java.lang.invoke.BoundMethodHandle$Species_LLLLLLLLLI (java.base@11.0.24)
 603:             1             72  java.lang.invoke.BoundMethodHandle$Species_LLLLLLLLLII (java.base@11.0.24)
 604:             3             72  java.lang.invoke.StringConcatFactory$Mode (java.base@11.0.24)
 605:             3             72  java.net.Proxy$Type (java.base@11.0.24)
 606:             3             72  java.rmi.server.ObjID (java.rmi@11.0.24)
 607:             3             72  java.security.SecurityPermission (java.base@11.0.24)
 608:             1             72  java.text.DecimalFormatSymbols (java.base@11.0.24)
 609:             3             72  java.util.Collections$SetFromMap (java.base@11.0.24)
 610:             3             72  java.util.Spliterators$1Adapter (java.base@11.0.24)
 611:             3             72  java.util.concurrent.ConcurrentHashMap$KeySetView (java.base@11.0.24)
 612:             3             72  java.util.concurrent.ConcurrentSkipListMap$Node (java.base@11.0.24)
 613:             1             72  java.util.concurrent.ThreadPoolExecutor (java.base@11.0.24)
 614:             3             72  java.util.concurrent.locks.AbstractQueuedSynchronizer$ConditionObject (java.base@11.0.24)
 615:             3             72  java.util.regex.Pattern$BitClass (java.base@11.0.24)
 616:             3             72  java.util.stream.Collector$Characteristics (java.base@11.0.24)
 617:             3             72  java.util.stream.Streams$StreamBuilderImpl (java.base@11.0.24)
 618:             1             72  java.util.zip.ZipFile$Source (java.base@11.0.24)
 619:             3             72  jdk.internal.jimage.BasicImageReader$1 (java.base@11.0.24)
 620:             3             72  jdk.internal.math.FloatingDecimal$ExceptionalBinaryToASCIIBuffer (java.base@11.0.24)
 621:             3             72  jdk.internal.misc.Signal (java.base@11.0.24)
 622:             3             72  jdk.internal.module.IllegalAccessLogger$Mode (java.base@11.0.24)
 623:             3             72  sun.reflect.generics.tree.ClassSignature (java.base@11.0.24)
 624:             3             72  sun.reflect.generics.tree.FormalTypeParameter (java.base@11.0.24)
 625:             3             72  sun.security.jca.GetInstance$Instance (java.base@11.0.24)
 626:             3             72  sun.security.provider.NativePRNG$Variant (java.base@11.0.24)
 627:             3             64  [Lcom.sun.jmx.mbeanserver.ClassLoaderRepositorySupport$LoaderEntry; (java.management@11.0.24)
 628:             2             64  [Ljava.lang.annotation.RetentionPolicy; (java.base@11.0.24)
 629:             2             64  [Ljava.lang.invoke.StringConcatFactory$Mode; (java.base@11.0.24)
 630:             2             64  [Ljava.nio.charset.CoderResult; (java.base@11.0.24)
 631:             2             64  [Ljava.util.stream.Collector$Characteristics; (java.base@11.0.24)
 632:             2             64  [Lsun.security.provider.NativePRNG$Variant; (java.base@11.0.24)
 633:             2             64  java.io.BufferedOutputStream (java.base@11.0.24)
 634:             2             64  java.io.ByteArrayInputStream (java.base@11.0.24)
 635:             2             64  java.io.ClassCache$1 (java.base@11.0.24)
 636:             4             64  java.lang.ClassValue$Identity (java.base@11.0.24)
 637:             2             64  java.lang.Package (java.base@11.0.24)
 638:             1             64  java.lang.invoke.BoundMethodHandle$Species_LLLLLLLLI (java.base@11.0.24)
 639:             1             64  java.lang.invoke.BoundMethodHandle$Species_LLLLLLLLL (java.base@11.0.24)
 640:             2             64  java.lang.ref.ReferenceQueue$Null (java.base@11.0.24)
 641:             2             64  java.net.Socket (java.base@11.0.24)
 642:             4             64  java.rmi.server.Operation (java.rmi@11.0.24)
 643:             2             64  java.security.DigestOutputStream (java.base@11.0.24)
 644:             2             64  java.util.AbstractList$Itr (java.base@11.0.24)
 645:             2             64  java.util.PropertyPermission (java.base@11.0.24)
 646:             4             64  java.util.concurrent.ConcurrentHashMap$ValuesView (java.base@11.0.24)
 647:             2             64  java.util.concurrent.ConcurrentSkipListMap$KeyIterator (java.base@11.0.24)
 648:             4             64  java.util.concurrent.locks.ReentrantLock (java.base@11.0.24)
 649:             1             64  java.util.jar.JarFile (java.base@11.0.24)
 650:             1             64  java.util.logging.LogManager$RootLogger (java.logging@11.0.24)
 651:             4             64  java.util.stream.Collectors$$Lambda$37/0x00000008000cd440 (java.base@11.0.24)
 652:             2             64  java.util.stream.FindOps$FindOp (java.base@11.0.24)
 653:             2             64  javax.management.remote.JMXServiceURL (java.management@11.0.24)
 654:             1             64  javax.management.remote.rmi.RMIConnectorServer (java.management.rmi@11.0.24)
 655:             1             64  javax.management.remote.rmi.RMIJRMPServerImpl (java.management.rmi@11.0.24)
 656:             2             64  jdk.internal.loader.URLClassPath$FileLoader$1 (java.base@11.0.24)
 657:             2             64  jdk.internal.math.FloatingDecimal$ASCIIToBinaryBuffer (java.base@11.0.24)
 658:             4             64  jdk.internal.reflect.BootstrapConstructorAccessorImpl (java.base@11.0.24)
 659:             4             64  jdk.internal.reflect.ClassDefiner$1 (java.base@11.0.24)
 660:             4             64  jdk.internal.reflect.Label (java.base@11.0.24)
 661:             2             64  sun.reflect.annotation.AnnotationType (java.base@11.0.24)
 662:             2             64  sun.rmi.transport.LiveRef (java.rmi@11.0.24)
 663:             2             64  sun.rmi.transport.tcp.TCPTransport (java.rmi@11.0.24)
 664:             2             64  sun.security.provider.FileInputStreamPool$StreamRef (java.base@11.0.24)
 665:             2             64  sun.util.resources.Bundles$2 (java.base@11.0.24)
 666:             1             56  [Ljava.nio.file.StandardOpenOption; (java.base@11.0.24)
 667:             1             56  [Ljava.util.regex.Pattern$GroupHead; (java.base@11.0.24)
 668:             3             56  [Lsun.reflect.generics.tree.ClassTypeSignature; (java.base@11.0.24)
 669:             1             56  [[I (java.base@11.0.24)
 670:             1             56  java.io.ObjectInputFilter$Config$Global (java.base@11.0.24)
 671:             1             56  java.io.ObjectOutputStream (java.base@11.0.24)
 672:             1             56  java.lang.invoke.BoundMethodHandle$Specializer (java.base@11.0.24)
 673:             1             56  java.net.SocketInputStream (java.base@11.0.24)
 674:             1             56  java.nio.DirectIntBufferU (java.base@11.0.24)
 675:             1             56  java.util.logging.LogManager (java.logging@11.0.24)
 676:             1             56  jdk.internal.ref.CleanerImpl$SoftCleanableRef (java.base@11.0.24)
 677:             1             48  [Ljava.lang.management.MemoryPoolMXBean; (java.management@11.0.24)
 678:             2             48  [Ljava.rmi.server.Operation; (java.rmi@11.0.24)
 679:             2             48  [Ljava.util.Locale$Category; (java.base@11.0.24)
 680:             1             48  [Ljava.util.concurrent.TimeUnit; (java.base@11.0.24)
 681:             1             48  [Lsun.management.counter.Units; (java.management@11.0.24)
 682:             2             48  com.sun.jmx.mbeanserver.ClassLoaderRepositorySupport$LoaderEntry (java.management@11.0.24)
 683:             1             48  com.sun.jmx.mbeanserver.DefaultMXBeanMappingFactory$Mappings (java.management@11.0.24)
 684:             1             48  com.sun.jmx.mbeanserver.MBeanIntrospector$MBeanInfoMap (java.management@11.0.24)
 685:             1             48  com.sun.jmx.mbeanserver.MBeanIntrospector$PerInterfaceMap (java.management@11.0.24)
 686:             2             48  com.sun.jmx.mbeanserver.WeakIdentityHashMap (java.management@11.0.24)
 687:             1             48  java.io.BufferedReader (java.base@11.0.24)
 688:             2             48  java.io.File$PathStatus (java.base@11.0.24)
 689:             2             48  java.lang.StringCoding$Result (java.base@11.0.24)
 690:             2             48  java.lang.ThreadLocal$ThreadLocalMap (java.base@11.0.24)
 691:             1             48  java.lang.invoke.BoundMethodHandle$Specializer$Factory (java.base@11.0.24)
 692:             1             48  java.lang.module.Resolver (java.base@11.0.24)
 693:             2             48  java.lang.reflect.Proxy$ProxyBuilder (java.base@11.0.24)
 694:             2             48  java.lang.reflect.Proxy$ProxyBuilder$1 (java.base@11.0.24)
 695:             2             48  java.lang.reflect.ProxyGenerator$ConstantPool (java.base@11.0.24)
 696:             2             48  java.lang.reflect.ReflectPermission (java.base@11.0.24)
 697:             2             48  java.net.InetAddress$NameServiceAddresses (java.base@11.0.24)
 698:             2             48  java.net.InetSocketAddress$InetSocketAddressHolder (java.base@11.0.24)
 699:             3             48  java.nio.charset.CodingErrorAction (java.base@11.0.24)
 700:             2             48  java.util.Collections$3 (java.base@11.0.24)
 701:             1             48  java.util.Hashtable$Enumerator (java.base@11.0.24)
 702:             3             48  java.util.LinkedHashSet (java.base@11.0.24)
 703:             3             48  java.util.ResourceBundle$NoFallbackControl (java.base@11.0.24)
 704:             1             48  java.util.TimSort (java.base@11.0.24)
 705:             3             48  java.util.TreeSet (java.base@11.0.24)
 706:             1             48  java.util.concurrent.ConcurrentSkipListMap (java.base@11.0.24)
 707:             1             48  java.util.concurrent.locks.ReentrantReadWriteLock$FairSync (java.base@11.0.24)
 708:             2             48  java.util.logging.Logger$LoggerBundle (java.logging@11.0.24)
 709:             2             48  java.util.logging.LoggingPermission (java.logging@11.0.24)
 710:             3             48  java.util.regex.Pattern$$Lambda$15/0x0000000800099c40 (java.base@11.0.24)
 711:             3             48  java.util.regex.Pattern$$Lambda$18/0x000000080009a840 (java.base@11.0.24)
 712:             2             48  java.util.regex.Pattern$$Lambda$19/0x000000080009ac40 (java.base@11.0.24)
 713:             3             48  java.util.regex.Pattern$BitClass$$Lambda$17/0x000000080009a440 (java.base@11.0.24)
 714:             2             48  java.util.regex.Pattern$BmpCharPredicate$$Lambda$20/0x000000080009b040 (java.base@11.0.24)
 715:             3             48  java.util.zip.CRC32 (java.base@11.0.24)
 716:             2             48  javax.management.NotificationBroadcasterSupport (java.management@11.0.24)
 717:             1             48  jdk.internal.jimage.ImageHeader (java.base@11.0.24)
 718:             2             48  jdk.internal.loader.URLClassPath$3 (java.base@11.0.24)
 719:             1             48  jdk.internal.loader.URLClassPath$JarLoader (java.base@11.0.24)
 720:             2             48  jdk.internal.logger.SurrogateLogger (java.base@11.0.24)
 721:             2             48  jdk.internal.misc.Signal$NativeHandler (java.base@11.0.24)
 722:             3             48  jdk.internal.module.ServicesCatalog (java.base@11.0.24)
 723:             1             48  jdk.internal.ref.CleanerImpl$WeakCleanableRef (java.base@11.0.24)
 724:             1             48  jdk.management.jfr.FlightRecorderMXBeanImpl (jdk.management.jfr@11.0.24)
 725:             2             48  sun.management.ManagementFactoryHelper$1 (java.management@11.0.24)
 726:             1             48  sun.nio.cs.StreamDecoder (java.base@11.0.24)
 727:             2             48  sun.nio.cs.Surrogate$Parser (java.base@11.0.24)
 728:             2             48  sun.reflect.annotation.AnnotationInvocationHandler (java.base@11.0.24)
 729:             2             48  sun.reflect.annotation.AnnotationParser$1 (java.base@11.0.24)
 730:             2             48  sun.reflect.annotation.AnnotationType$1 (java.base@11.0.24)
 731:             1             48  sun.rmi.runtime.Log$InternalStreamHandler (java.rmi@11.0.24)
 732:             2             48  sun.rmi.server.UnicastServerRef$HashToMethod_Maps$1 (java.rmi@11.0.24)
 733:             2             48  sun.rmi.transport.ObjectEndpoint (java.rmi@11.0.24)
 734:             2             48  sun.security.jca.ProviderList (java.base@11.0.24)
 735:             2             48  sun.security.jca.ProviderList$3 (java.base@11.0.24)
 736:             3             48  sun.security.provider.NativePRNG$1 (java.base@11.0.24)
 737:             3             48  sun.util.resources.LocaleData (java.base@11.0.24)
 738:             1             48  sun.util.resources.TimeZoneNames (java.base@11.0.24)
 739:             1             48  sun.util.resources.TimeZoneNames_en (java.base@11.0.24)
 740:             1             48  sun.util.resources.cldr.TimeZoneNames (java.base@11.0.24)
 741:             1             48  sun.util.resources.cldr.TimeZoneNames_en (java.base@11.0.24)
 742:             1             40  [[Ljava.lang.invoke.LambdaForm$Name; (java.base@11.0.24)
 743:             1             40  com.sun.jmx.interceptor.DefaultMBeanServerInterceptor (java.management@11.0.24)
 744:             1             40  com.sun.jmx.mbeanserver.JmxMBeanServer (java.management@11.0.24)
 745:             1             40  com.sun.jmx.mbeanserver.MBeanServerDelegateImpl (java.management@11.0.24)
 746:             1             40  com.sun.management.internal.DiagnosticCommandImpl (jdk.management@11.0.24)
 747:             1             40  com.sun.management.internal.OperatingSystemImpl$ProcessCpuTicks (jdk.management@11.0.24)
 748:             1             40  com.sun.management.internal.OperatingSystemImpl$SystemCpuTicks (jdk.management@11.0.24)
 749:             1             40  java.io.ObjectOutputStream$BlockDataOutputStream (java.base@11.0.24)
 750:             1             40  java.io.ObjectStreamClass$FieldReflector (java.base@11.0.24)
 751:             1             40  java.lang.ArithmeticException (java.base@11.0.24)
 752:             1             40  java.lang.ClassNotFoundException (java.base@11.0.24)
 753:             1             40  java.lang.Exception (java.base@11.0.24)
 754:             1             40  java.lang.IncompatibleClassChangeError (java.base@11.0.24)
 755:             1             40  java.lang.InternalError (java.base@11.0.24)
 756:             1             40  java.lang.NullPointerException (java.base@11.0.24)
 757:             1             40  java.lang.Package$VersionInfo (java.base@11.0.24)
 758:             1             40  java.rmi.server.SkeletonNotFoundException (java.rmi@11.0.24)
 759:             1             40  java.time.zone.ZoneRules (java.base@11.0.24)
 760:             1             40  java.util.ResourceBundle$2 (java.base@11.0.24)
 761:             1             40  java.util.zip.ZipFile$Source$End (java.base@11.0.24)
 762:             1             40  jdk.internal.event.SecurityProviderServiceEvent (java.base@11.0.24)
 763:             1             40  jdk.internal.loader.URLClassPath (java.base@11.0.24)
 764:             1             40  jdk.internal.ref.CleanerImpl$CleanerCleanable (java.base@11.0.24)
 765:             1             40  sun.nio.cs.US_ASCII$Decoder (java.base@11.0.24)
 766:             1             40  sun.nio.cs.UTF_8$Decoder (java.base@11.0.24)
 767:             1             40  sun.rmi.server.UnicastServerRef (java.rmi@11.0.24)
 768:             1             40  sun.rmi.server.UnicastServerRef2 (java.rmi@11.0.24)
 769:             1             40  sun.text.resources.cldr.FormatData (java.base@11.0.24)
 770:             1             40  sun.text.resources.cldr.ext.FormatData_ko (jdk.localedata@11.0.24)
 771:             1             40  sun.util.resources.Bundles$1 (java.base@11.0.24)
 772:             1             32  [Ljava.io.ObjectStreamClass$ClassDataSlot; (java.base@11.0.24)
 773:             1             32  [Ljava.lang.OutOfMemoryError; (java.base@11.0.24)
 774:             2             32  [Ljava.lang.StackTraceElement; (java.base@11.0.24)
 775:             1             32  [Ljava.lang.ThreadGroup; (java.base@11.0.24)
 776:             1             32  [Ljava.lang.management.MemoryManagerMXBean; (java.management@11.0.24)
 777:             1             32  [Ljava.lang.module.ModuleDescriptor$Modifier; (java.base@11.0.24)
 778:             1             32  [Ljava.lang.module.ModuleDescriptor$Requires$Modifier; (java.base@11.0.24)
 779:             1             32  [Ljava.net.Proxy$Type; (java.base@11.0.24)
 780:             1             32  [Ljava.util.regex.Pattern$Qtype; (java.base@11.0.24)
 781:             1             32  [Ljava.util.stream.StreamShape; (java.base@11.0.24)
 782:             1             32  [Ljdk.internal.logger.BootstrapLogger$LoggingBackend; (java.base@11.0.24)
 783:             1             32  [Ljdk.internal.module.IllegalAccessLogger$Mode; (java.base@11.0.24)
 784:             1             32  [Lsun.nio.fs.NativeBuffer; (java.base@11.0.24)
 785:             1             32  com.sun.jmx.mbeanserver.Repository (java.management@11.0.24)
 786:             1             32  com.sun.management.internal.OperatingSystemImpl (jdk.management@11.0.24)
 787:             1             32  java.io.RandomAccessFile (java.base@11.0.24)
 788:             1             32  java.io.UnixFileSystem (java.base@11.0.24)
 789:             2             32  java.lang.Boolean (java.base@11.0.24)
 790:             2             32  java.lang.Shutdown$Lock (java.base@11.0.24)
 791:             1             32  java.lang.invoke.VarHandleLongs$FieldInstanceReadWrite (java.base@11.0.24)
 792:             1             32  java.lang.module.ModuleDescriptor$Version (java.base@11.0.24)
 793:             2             32  java.lang.reflect.Proxy$$Lambda$50/0x000000080010fc40 (java.base@11.0.24)
 794:             1             32  java.net.Inet6Address$Inet6AddressHolder (java.base@11.0.24)
 795:             1             32  java.net.InetAddress$CachedLocalHost (java.base@11.0.24)
 796:             2             32  java.net.InetSocketAddress (java.base@11.0.24)
 797:             2             32  java.nio.ByteOrder (java.base@11.0.24)
 798:             1             32  java.util.ArrayList$SubList (java.base@11.0.24)
 799:             1             32  java.util.Formatter (java.base@11.0.24)
 800:             1             32  java.util.LinkedHashMap$LinkedKeyIterator (java.base@11.0.24)
 801:             1             32  java.util.LinkedList$ListItr (java.base@11.0.24)
 802:             2             32  java.util.ResourceBundle$SingleFormatControl (java.base@11.0.24)
 803:             1             32  java.util.ServiceLoader$ProviderSpliterator (java.base@11.0.24)
 804:             2             32  java.util.WeakHashMap$KeySet (java.base@11.0.24)
 805:             1             32  java.util.concurrent.ScheduledThreadPoolExecutor$DelayedWorkQueue (java.base@11.0.24)
 806:             1             32  java.util.concurrent.SynchronousQueue (java.base@11.0.24)
 807:             1             32  java.util.concurrent.ThreadLocalRandom (java.base@11.0.24)
 808:             1             32  java.util.concurrent.atomic.LongAdder (java.base@11.0.24)
 809:             1             32  java.util.jar.Manifest$FastInputStream (java.base@11.0.24)
 810:             1             32  java.util.logging.Handler$1 (java.logging@11.0.24)
 811:             1             32  java.util.logging.LogManager$SystemLoggerContext (java.logging@11.0.24)
 812:             1             32  java.util.zip.ZipFile$CleanableResource (java.base@11.0.24)
 813:             1             32  javax.management.remote.JMXConnectorFactory$ProviderFinder (java.management@11.0.24)
 814:             1             32  jdk.internal.module.IllegalAccessLogger (java.base@11.0.24)
 815:             1             32  jdk.internal.module.IllegalAccessLogger$Builder (java.base@11.0.24)
 816:             1             32  jdk.internal.ref.CleanerImpl (java.base@11.0.24)
 817:             1             32  sun.instrument.InstrumentationImpl (java.instrument@11.0.24)
 818:             2             32  sun.management.ManagementFactoryHelper$LoggingMXBeanAccess$1 (java.management@11.0.24)
 819:             2             32  sun.management.VMManagementImpl$1 (java.management@11.0.24)
 820:             1             32  sun.management.jmxremote.LocalRMIServerSocketFactory$1 (jdk.management.agent@11.0.24)
 821:             1             32  sun.net.spi.DefaultProxySelector$4 (java.base@11.0.24)
 822:             1             32  sun.nio.cs.StandardCharsets (java.base@11.0.24)
 823:             1             32  sun.nio.fs.MacOSXFileSystem (java.base@11.0.24)
 824:             1             32  sun.nio.fs.NativeBuffer (java.base@11.0.24)
 825:             1             32  sun.rmi.runtime.NewThreadAction (java.rmi@11.0.24)
 826:             1             32  sun.rmi.transport.DGCImpl$2$1 (java.rmi@11.0.24)
 827:             1             32  sun.rmi.transport.tcp.TCPTransport$AcceptLoop (java.rmi@11.0.24)
 828:             2             32  sun.security.provider.FileInputStreamPool$UnclosableInputStream (java.base@11.0.24)
 829:             2             32  sun.security.provider.NativePRNG (java.base@11.0.24)
 830:             1             32  sun.security.provider.SecureRandom (java.base@11.0.24)
 831:             1             32  sun.security.util.KnownOIDs$1 (java.base@11.0.24)
 832:             1             32  sun.security.util.KnownOIDs$10 (java.base@11.0.24)
 833:             1             32  sun.security.util.KnownOIDs$2 (java.base@11.0.24)
 834:             1             32  sun.security.util.KnownOIDs$3 (java.base@11.0.24)
 835:             1             32  sun.security.util.KnownOIDs$4 (java.base@11.0.24)
 836:             1             32  sun.security.util.KnownOIDs$5 (java.base@11.0.24)
 837:             1             32  sun.security.util.KnownOIDs$6 (java.base@11.0.24)
 838:             1             32  sun.security.util.KnownOIDs$7 (java.base@11.0.24)
 839:             1             32  sun.security.util.KnownOIDs$8 (java.base@11.0.24)
 840:             1             32  sun.security.util.KnownOIDs$9 (java.base@11.0.24)
 841:             2             32  sun.util.resources.cldr.provider.CLDRLocaleDataMetaInfo (jdk.localedata@11.0.24)
 842:             1             24  [Ljava.io.File$PathStatus; (java.base@11.0.24)
 843:             1             24  com.sun.jmx.mbeanserver.ClassLoaderRepositorySupport (java.management@11.0.24)
 844:             1             24  com.sun.jmx.mbeanserver.JmxMBeanServer$1 (java.management@11.0.24)
 845:             1             24  com.sun.jmx.mbeanserver.MXBeanLookup (java.management@11.0.24)
 846:             1             24  com.sun.management.internal.HotSpotThreadImpl (jdk.management@11.0.24)
 847:             1             24  com.sun.management.internal.PlatformMBeanProviderImpl$1 (jdk.management@11.0.24)
 848:             1             24  com.sun.management.internal.PlatformMBeanProviderImpl$2 (jdk.management@11.0.24)
 849:             1             24  com.sun.management.internal.PlatformMBeanProviderImpl$3 (jdk.management@11.0.24)
 850:             1             24  com.sun.management.internal.PlatformMBeanProviderImpl$4 (jdk.management@11.0.24)
 851:             1             24  com.sun.management.internal.PlatformMBeanProviderImpl$5 (jdk.management@11.0.24)
 852:             1             24  java.io.InputStreamReader (java.base@11.0.24)
 853:             1             24  java.io.ObjectOutputStream$ReplaceTable (java.base@11.0.24)
 854:             1             24  java.io.ObjectStreamClass$Caches$1 (java.base@11.0.24)
 855:             1             24  java.io.ObjectStreamClass$Caches$2 (java.base@11.0.24)
 856:             1             24  java.io.SerialCallbackContext (java.base@11.0.24)
 857:             1             24  java.lang.Double (java.base@11.0.24)
 858:             1             24  java.lang.invoke.MethodType$ConcurrentWeakInternSet (java.base@11.0.24)
 859:             1             24  java.lang.invoke.StringConcatFactory$Stringifiers$StringifierAny (java.base@11.0.24)
 860:             1             24  java.lang.invoke.StringConcatFactory$Stringifiers$StringifierMost (java.base@11.0.24)
 861:             1             24  java.lang.management.DefaultPlatformMBeanProvider$1 (java.management@11.0.24)
 862:             1             24  java.lang.management.DefaultPlatformMBeanProvider$10 (java.management@11.0.24)
 863:             1             24  java.lang.management.DefaultPlatformMBeanProvider$11 (java.management@11.0.24)
 864:             1             24  java.lang.management.DefaultPlatformMBeanProvider$2 (java.management@11.0.24)
 865:             1             24  java.lang.management.DefaultPlatformMBeanProvider$3 (java.management@11.0.24)
 866:             1             24  java.lang.management.DefaultPlatformMBeanProvider$4 (java.management@11.0.24)
 867:             1             24  java.lang.management.DefaultPlatformMBeanProvider$5 (java.management@11.0.24)
 868:             1             24  java.lang.management.DefaultPlatformMBeanProvider$6 (java.management@11.0.24)
 869:             1             24  java.lang.management.DefaultPlatformMBeanProvider$7 (java.management@11.0.24)
 870:             1             24  java.lang.management.DefaultPlatformMBeanProvider$8 (java.management@11.0.24)
 871:             1             24  java.lang.management.DefaultPlatformMBeanProvider$9 (java.management@11.0.24)
 872:             1             24  java.net.Inet4AddressImpl (java.base@11.0.24)
 873:             1             24  java.net.Inet6Address (java.base@11.0.24)
 874:             1             24  java.net.Inet6AddressImpl (java.base@11.0.24)
 875:             1             24  java.net.InetAddress (java.base@11.0.24)
 876:             1             24  java.net.Proxy (java.base@11.0.24)
 877:             1             24  java.net.SocketPermissionCollection (java.base@11.0.24)
 878:             1             24  java.net.SocketPermissionCollection$1 (java.base@11.0.24)
 879:             1             24  java.security.AllPermissionCollection (java.base@11.0.24)
 880:             1             24  java.time.ZoneRegion (java.base@11.0.24)
 881:             1             24  java.time.zone.TzdbZoneRulesProvider (java.base@11.0.24)
 882:             1             24  java.util.Collections$EmptyMap (java.base@11.0.24)
 883:             1             24  java.util.Collections$SynchronizedCollection (java.base@11.0.24)
 884:             1             24  java.util.Locale$Cache (java.base@11.0.24)
 885:             1             24  java.util.ResourceBundle$Control$CandidateListCache (java.base@11.0.24)
 886:             1             24  java.util.concurrent.locks.ReentrantReadWriteLock (java.base@11.0.24)
 887:             1             24  java.util.jar.Manifest (java.base@11.0.24)
 888:             1             24  java.util.logging.LogManager$2 (java.logging@11.0.24)
 889:             1             24  java.util.logging.LogManager$LoggerContext (java.logging@11.0.24)
 890:             1             24  java.util.logging.StreamHandler$1 (java.logging@11.0.24)
 891:             1             24  java.util.regex.Pattern$Start (java.base@11.0.24)
 892:             1             24  java.util.regex.Pattern$TreeInfo (java.base@11.0.24)
 893:             1             24  java.util.stream.Collectors$$Lambda$47/0x0000000800108840 (java.base@11.0.24)
 894:             1             24  java.util.stream.ForEachOps$ForEachOp$OfRef (java.base@11.0.24)
 895:             1             24  java.util.zip.ZipCoder$UTF8 (java.base@11.0.24)
 896:             1             24  java.util.zip.ZipFile$Source$Key (java.base@11.0.24)
 897:             1             24  javax.management.MBeanInfo$ArrayGettersSafeAction (java.management@11.0.24)
 898:             1             24  javax.management.remote.JMXConnectorServerFactory$$Lambda$56/0x000000080010d840 (java.management@11.0.24)
 899:             1             24  jdk.internal.jimage.ImageReader (java.base@11.0.24)
 900:             1             24  jdk.internal.loader.FileURLMapper (java.base@11.0.24)
 901:             1             24  jdk.internal.loader.URLClassPath$FileLoader (java.base@11.0.24)
 902:             1             24  jdk.internal.logger.BootstrapLogger$RedirectedLoggers (java.base@11.0.24)
 903:             1             24  jdk.internal.module.ModuleBootstrap$SafeModuleFinder (java.base@11.0.24)
 904:             1             24  jdk.internal.module.ModuleHashes (java.base@11.0.24)
 905:             1             24  jdk.internal.module.ModuleHashes$Builder (java.base@11.0.24)
 906:             1             24  jdk.internal.module.SystemModuleFinders$SystemModuleFinder (java.base@11.0.24)
 907:             1             24  jdk.management.jfr.StreamManager (jdk.management.jfr@11.0.24)
 908:             1             24  jdk.management.jfr.internal.FlightRecorderMXBeanProvider$SingleMBeanComponent (jdk.management.jfr@11.0.24)
 909:             1             24  sun.instrument.InstrumentationImpl$1 (java.instrument@11.0.24)
 910:             1             24  sun.instrument.TransformerManager (java.instrument@11.0.24)
 911:             1             24  sun.management.CompilationImpl (java.management@11.0.24)
 912:             1             24  sun.management.ManagementFactoryHelper$LoggingMXBeanAccess (java.management@11.0.24)
 913:             1             24  sun.management.ManagementFactoryHelper$PlatformLoggingImpl (java.management@11.0.24)
 914:             1             24  sun.management.MemoryImpl (java.management@11.0.24)
 915:             1             24  sun.management.RuntimeImpl (java.management@11.0.24)
 916:             1             24  sun.management.VMManagementImpl (java.management@11.0.24)
 917:             1             24  sun.net.sdp.SdpProvider (java.base@11.0.24)
 918:             1             24  sun.nio.cs.ISO_8859_1 (java.base@11.0.24)
 919:             1             24  sun.nio.cs.ThreadLocalCoders$1 (java.base@11.0.24)
 920:             1             24  sun.nio.cs.ThreadLocalCoders$2 (java.base@11.0.24)
 921:             1             24  sun.nio.cs.US_ASCII (java.base@11.0.24)
 922:             1             24  sun.nio.cs.UTF_8 (java.base@11.0.24)
 923:             1             24  sun.nio.fs.NativeBuffer$Deallocator (java.base@11.0.24)
 924:             1             24  sun.nio.fs.UnixFileAttributeViews$Basic (java.base@11.0.24)
 925:             1             24  sun.rmi.runtime.RuntimeUtil$1 (java.rmi@11.0.24)
 926:             1             24  sun.rmi.transport.DGCImpl (java.rmi@11.0.24)
 927:             1             24  sun.security.action.GetPropertyAction (java.base@11.0.24)
 928:             1             24  sun.util.cldr.CLDRTimeZoneNameProviderImpl (java.base@11.0.24)
 929:             1             24  sun.util.locale.BaseLocale$Cache (java.base@11.0.24)
 930:             1             24  sun.util.locale.provider.DecimalFormatSymbolsProviderImpl (java.base@11.0.24)
 931:             1             24  sun.util.locale.provider.LocaleServiceProviderPool (java.base@11.0.24)
 932:             1             24  sun.util.locale.provider.TimeZoneNameProviderImpl (java.base@11.0.24)
 933:             1             16  [Ljava.lang.Throwable; (java.base@11.0.24)
 934:             1             16  [Ljava.nio.file.LinkOption; (java.base@11.0.24)
 935:             1             16  [Ljava.nio.file.Path; (java.base@11.0.24)
 936:             1             16  [Ljava.nio.file.attribute.FileAttribute; (java.base@11.0.24)
 937:             1             16  [Ljava.security.Provider; (java.base@11.0.24)
 938:             1             16  [Ljava.security.cert.Certificate; (java.base@11.0.24)
 939:             1             16  [Ljava.time.zone.ZoneOffsetTransitionRule; (java.base@11.0.24)
 940:             1             16  [Ljava.util.logging.Handler; (java.logging@11.0.24)
 941:             1             16  [Lsun.instrument.TransformerManager$TransformerInfo; (java.instrument@11.0.24)
 942:             1             16  [Lsun.util.calendar.ZoneInfoFile$ZoneOffsetTransitionRule; (java.base@11.0.24)
 943:             1             16  com.sun.jmx.interceptor.DefaultMBeanServerInterceptor$ResourceContext$1 (java.management@11.0.24)
 944:             1             16  com.sun.jmx.mbeanserver.DefaultMXBeanMappingFactory (java.management@11.0.24)
 945:             1             16  com.sun.jmx.mbeanserver.DescriptorCache (java.management@11.0.24)
 946:             1             16  com.sun.jmx.mbeanserver.JmxMBeanServer$2 (java.management@11.0.24)
 947:             1             16  com.sun.jmx.mbeanserver.JmxMBeanServer$3 (java.management@11.0.24)
 948:             1             16  com.sun.jmx.mbeanserver.MBeanAnalyzer$MethodOrder (java.management@11.0.24)
 949:             1             16  com.sun.jmx.mbeanserver.MBeanInstantiator (java.management@11.0.24)
 950:             1             16  com.sun.jmx.mbeanserver.MXBeanIntrospector (java.management@11.0.24)
 951:             1             16  com.sun.jmx.mbeanserver.SecureClassLoaderRepository (java.management@11.0.24)
 952:             1             16  com.sun.jmx.remote.protocol.rmi.ServerProvider (java.management.rmi@11.0.24)
 953:             1             16  com.sun.management.internal.DiagnosticCommandImpl$OperationInfoComparator (jdk.management@11.0.24)
 954:             1             16  com.sun.management.internal.HotSpotDiagnostic (jdk.management@11.0.24)
 955:             1             16  com.sun.management.internal.PlatformMBeanProviderImpl (jdk.management@11.0.24)
 956:             1             16  com.sun.management.internal.PlatformMBeanProviderImpl$$Lambda$30/0x00000008000cf040 (jdk.management@11.0.24)
 957:             1             16  com.sun.proxy.$Proxy0
 958:             1             16  com.sun.proxy.$Proxy1
 959:             1             16  java.io.FileDescriptor$1 (java.base@11.0.24)
 960:             1             16  java.io.FilePermission$1 (java.base@11.0.24)
 961:             1             16  java.io.ObjectInputFilter$Config$$Lambda$57/0x000000080010dc40 (java.base@11.0.24)
 962:             1             16  java.io.ObjectInputFilter$Config$$Lambda$58/0x000000080010d040 (java.base@11.0.24)
 963:             1             16  java.io.ObjectInputFilter$Config$Global$$Lambda$59/0x000000080010d440 (java.base@11.0.24)
 964:             1             16  java.io.ObjectInputFilter$Config$Global$$Lambda$60/0x000000080010c840 (java.base@11.0.24)
 965:             1             16  java.io.RandomAccessFile$2 (java.base@11.0.24)
 966:             1             16  java.lang.ApplicationShutdownHooks$1 (java.base@11.0.24)
 967:             1             16  java.lang.CharacterDataLatin1 (java.base@11.0.24)
 968:             1             16  java.lang.Float (java.base@11.0.24)
 969:             1             16  java.lang.InheritableThreadLocal (java.base@11.0.24)
 970:             1             16  java.lang.ModuleLayer$$Lambda$26/0x000000080009d840 (java.base@11.0.24)
 971:             1             16  java.lang.ModuleLayer$Controller (java.base@11.0.24)
 972:             1             16  java.lang.Runtime (java.base@11.0.24)
 973:             1             16  java.lang.String$CaseInsensitiveComparator (java.base@11.0.24)
 974:             1             16  java.lang.StringCoding$1 (java.base@11.0.24)
 975:             1             16  java.lang.System$2 (java.base@11.0.24)
 976:             1             16  java.lang.System$LoggerFinder$$Lambda$53/0x000000080010e840 (java.base@11.0.24)
 977:             1             16  java.lang.Terminator$1 (java.base@11.0.24)
 978:             1             16  java.lang.invoke.ClassSpecializer$1 (java.base@11.0.24)
 979:             1             16  java.lang.invoke.MemberName$Factory (java.base@11.0.24)
 980:             1             16  java.lang.invoke.MethodHandleImpl$1 (java.base@11.0.24)
 981:             1             16  java.lang.invoke.StringConcatFactory$MethodHandleInlineCopyStrategy$1 (java.base@11.0.24)
 982:             1             16  java.lang.invoke.StringConcatFactory$MethodHandleInlineCopyStrategy$2 (java.base@11.0.24)
 983:             1             16  java.lang.invoke.StringConcatFactory$MethodHandleInlineCopyStrategy$3 (java.base@11.0.24)
 984:             1             16  java.lang.invoke.VarHandle$1 (java.base@11.0.24)
 985:             1             16  java.lang.management.DefaultPlatformMBeanProvider (java.management@11.0.24)
 986:             1             16  java.lang.management.DefaultPlatformMBeanProvider$10$$Lambda$54/0x000000080010e040 (java.management@11.0.24)
 987:             1             16  java.lang.management.DefaultPlatformMBeanProvider$5$$Lambda$44/0x00000008000ff840 (java.management@11.0.24)
 988:             1             16  java.lang.management.DefaultPlatformMBeanProvider$5$$Lambda$45/0x00000008000ffc40 (java.management@11.0.24)
 989:             1             16  java.lang.management.ManagementFactory$$Lambda$27/0x00000008000c8c40 (java.management@11.0.24)
 990:             1             16  java.lang.management.ManagementFactory$$Lambda$40/0x00000008000cc440 (java.management@11.0.24)
 991:             1             16  java.lang.management.ManagementFactory$$Lambda$41/0x00000008000cb840 (java.management@11.0.24)
 992:             1             16  java.lang.management.ManagementFactory$$Lambda$42/0x00000008000cbc40 (java.management@11.0.24)
 993:             1             16  java.lang.management.ManagementFactory$PlatformMBeanFinder$$Lambda$28/0x00000008000cf840 (java.management@11.0.24)
 994:             1             16  java.lang.management.ManagementFactory$PlatformMBeanFinder$$Lambda$29/0x00000008000cfc40 (java.management@11.0.24)
 995:             1             16  java.lang.management.ManagementFactory$PlatformMBeanFinder$$Lambda$31/0x00000008000cf440 (java.management@11.0.24)
 996:             1             16  java.lang.management.ManagementFactory$PlatformMBeanFinder$$Lambda$32/0x00000008000ce840 (java.management@11.0.24)
 997:             1             16  java.lang.management.ManagementFactory$PlatformMBeanFinder$$Lambda$34/0x00000008000ce440 (java.management@11.0.24)
 998:             1             16  java.lang.management.ManagementFactory$PlatformMBeanFinder$$Lambda$38/0x00000008000cc840 (java.management@11.0.24)
 999:             1             16  java.lang.management.ManagementFactory$PlatformMBeanFinder$$Lambda$39/0x00000008000ccc40 (java.management@11.0.24)
1000:             1             16  java.lang.module.ModuleDescriptor$1 (java.base@11.0.24)
1001:             1             16  java.lang.module.ModuleFinder$1 (java.base@11.0.24)
1002:             1             16  java.lang.ref.Cleaner (java.base@11.0.24)
1003:             1             16  java.lang.ref.Cleaner$1 (java.base@11.0.24)
1004:             1             16  java.lang.ref.Reference$1 (java.base@11.0.24)
1005:             1             16  java.lang.reflect.Proxy$$Lambda$49/0x000000080010f840 (java.base@11.0.24)
1006:             1             16  java.lang.reflect.ReflectAccess (java.base@11.0.24)
1007:             1             16  java.net.AbstractPlainSocketImpl$1 (java.base@11.0.24)
1008:             1             16  java.net.InetAddress$1 (java.base@11.0.24)
1009:             1             16  java.net.InetAddress$2 (java.base@11.0.24)
1010:             1             16  java.net.InetAddress$PlatformNameService (java.base@11.0.24)
1011:             1             16  java.net.ServerSocket$2 (java.base@11.0.24)
1012:             1             16  java.net.Socket$2 (java.base@11.0.24)
1013:             1             16  java.net.SocksSocketImpl$3 (java.base@11.0.24)
1014:             1             16  java.net.URI$1 (java.base@11.0.24)
1015:             1             16  java.net.URL$3 (java.base@11.0.24)
1016:             1             16  java.net.URL$DefaultFactory (java.base@11.0.24)
1017:             1             16  java.nio.Bits$1 (java.base@11.0.24)
1018:             1             16  java.nio.Buffer$1 (java.base@11.0.24)
1019:             1             16  java.nio.file.FileSystems$DefaultFileSystemHolder$1 (java.base@11.0.24)
1020:             1             16  java.rmi.server.ObjID$$Lambda$69/0x0000000800131c40 (java.rmi@11.0.24)
1021:             1             16  java.security.AllPermission (java.base@11.0.24)
1022:             1             16  java.security.ProtectionDomain$JavaSecurityAccessImpl (java.base@11.0.24)
1023:             1             16  java.security.Security$1 (java.base@11.0.24)
1024:             1             16  java.time.zone.ZoneRulesProvider$1 (java.base@11.0.24)
1025:             1             16  java.util.Collections$EmptyEnumeration (java.base@11.0.24)
1026:             1             16  java.util.Collections$EmptyIterator (java.base@11.0.24)
1027:             1             16  java.util.Collections$EmptyList (java.base@11.0.24)
1028:             1             16  java.util.Collections$EmptySet (java.base@11.0.24)
1029:             1             16  java.util.EnumMap$1 (java.base@11.0.24)
1030:             1             16  java.util.IdentityHashMap$KeySet (java.base@11.0.24)
1031:             1             16  java.util.IdentityHashMap$Values (java.base@11.0.24)
1032:             1             16  java.util.ResourceBundle$1 (java.base@11.0.24)
1033:             1             16  java.util.ResourceBundle$Control (java.base@11.0.24)
1034:             1             16  java.util.Spliterators$EmptySpliterator$OfDouble (java.base@11.0.24)
1035:             1             16  java.util.Spliterators$EmptySpliterator$OfInt (java.base@11.0.24)
1036:             1             16  java.util.Spliterators$EmptySpliterator$OfLong (java.base@11.0.24)
1037:             1             16  java.util.Spliterators$EmptySpliterator$OfRef (java.base@11.0.24)
1038:             1             16  java.util.concurrent.ConcurrentSkipListMap$KeySet (java.base@11.0.24)
1039:             1             16  java.util.concurrent.ConcurrentSkipListSet (java.base@11.0.24)
1040:             1             16  java.util.concurrent.SynchronousQueue$TransferStack (java.base@11.0.24)
1041:             1             16  java.util.concurrent.ThreadPoolExecutor$AbortPolicy (java.base@11.0.24)
1042:             1             16  java.util.concurrent.atomic.AtomicBoolean (java.base@11.0.24)
1043:             1             16  java.util.concurrent.atomic.Striped64$1 (java.base@11.0.24)
1044:             1             16  java.util.concurrent.locks.ReentrantReadWriteLock$ReadLock (java.base@11.0.24)
1045:             1             16  java.util.concurrent.locks.ReentrantReadWriteLock$Sync$ThreadLocalHoldCounter (java.base@11.0.24)
1046:             1             16  java.util.concurrent.locks.ReentrantReadWriteLock$WriteLock (java.base@11.0.24)
1047:             1             16  java.util.function.Function$$Lambda$33/0x00000008000cec40 (java.base@11.0.24)
1048:             1             16  java.util.jar.Attributes (java.base@11.0.24)
1049:             1             16  java.util.jar.JavaUtilJarAccessImpl (java.base@11.0.24)
1050:             1             16  java.util.logging.ErrorManager (java.logging@11.0.24)
1051:             1             16  java.util.logging.Level$$Lambda$51/0x000000080010f040 (java.logging@11.0.24)
1052:             1             16  java.util.logging.Level$KnownLevel$$Lambda$52/0x000000080010f440 (java.logging@11.0.24)
1053:             1             16  java.util.logging.LogManager$1 (java.logging@11.0.24)
1054:             1             16  java.util.logging.LogManager$LoggingProviderAccess (java.logging@11.0.24)
1055:             1             16  java.util.logging.LogManager$VisitedLoggers (java.logging@11.0.24)
1056:             1             16  java.util.logging.Logger$SystemLoggerHelper$1 (java.logging@11.0.24)
1057:             1             16  java.util.logging.Logging (java.logging@11.0.24)
1058:             1             16  java.util.logging.SimpleFormatter (java.logging@11.0.24)
1059:             1             16  java.util.logging.SimpleFormatter$$Lambda$63/0x0000000800130440 (java.logging@11.0.24)
1060:             1             16  java.util.regex.CharPredicates$$Lambda$16/0x000000080009a040 (java.base@11.0.24)
1061:             1             16  java.util.regex.Pattern$1 (java.base@11.0.24)
1062:             1             16  java.util.regex.Pattern$LastNode (java.base@11.0.24)
1063:             1             16  java.util.regex.Pattern$Node (java.base@11.0.24)
1064:             1             16  java.util.stream.Collectors$$Lambda$35/0x00000008000cd840 (java.base@11.0.24)
1065:             1             16  java.util.stream.Collectors$$Lambda$46/0x0000000800108040 (java.base@11.0.24)
1066:             1             16  java.util.stream.Collectors$$Lambda$48/0x0000000800108c40 (java.base@11.0.24)
1067:             1             16  java.util.stream.Collectors$$Lambda$5/0x0000000800061440 (java.base@11.0.24)
1068:             1             16  java.util.stream.Collectors$$Lambda$6/0x0000000800061840 (java.base@11.0.24)
1069:             1             16  java.util.stream.Collectors$$Lambda$7/0x0000000800061c40 (java.base@11.0.24)
1070:             1             16  java.util.stream.Collectors$$Lambda$8/0x0000000800062040 (java.base@11.0.24)
1071:             1             16  java.util.stream.FindOps$FindSink$OfRef$$Lambda$10/0x0000000800062840 (java.base@11.0.24)
1072:             1             16  java.util.stream.FindOps$FindSink$OfRef$$Lambda$11/0x0000000800062c40 (java.base@11.0.24)
1073:             1             16  java.util.stream.FindOps$FindSink$OfRef$$Lambda$12/0x0000000800063040 (java.base@11.0.24)
1074:             1             16  java.util.stream.FindOps$FindSink$OfRef$$Lambda$13/0x0000000800063440 (java.base@11.0.24)
1075:             1             16  java.util.zip.ZipFile$1 (java.base@11.0.24)
1076:             1             16  javax.management.JMX (java.management@11.0.24)
1077:             1             16  javax.management.MBeanServerBuilder (java.management@11.0.24)
1078:             1             16  javax.management.NotificationBroadcasterSupport$1 (java.management@11.0.24)
1079:             1             16  javax.management.StandardMBean$MBeanInfoSafeAction (java.management@11.0.24)
1080:             1             16  javax.management.remote.JMXConnectorFactory$1 (java.management@11.0.24)
1081:             1             16  javax.management.remote.JMXConnectorServerFactory$$Lambda$55/0x000000080010e440 (java.management@11.0.24)
1082:             1             16  javax.management.remote.rmi.RMIServerImpl_Stub (java.management.rmi@11.0.24)
1083:             1             16  jdk.internal.jimage.ImageReaderFactory$1 (java.base@11.0.24)
1084:             1             16  jdk.internal.jimage.ImageStringsReader (java.base@11.0.24)
1085:             1             16  jdk.internal.jimage.NativeImageBuffer$1 (java.base@11.0.24)
1086:             1             16  jdk.internal.jimage.decompressor.Decompressor (java.base@11.0.24)
1087:             1             16  jdk.internal.loader.URLClassPath$JarLoader$1 (java.base@11.0.24)
1088:             1             16  jdk.internal.logger.BootstrapLogger$DetectBackend$1 (java.base@11.0.24)
1089:             1             16  jdk.internal.logger.LazyLoggers$1 (java.base@11.0.24)
1090:             1             16  jdk.internal.logger.LazyLoggers$LazyLoggerFactories (java.base@11.0.24)
1091:             1             16  jdk.internal.math.FloatingDecimal$1 (java.base@11.0.24)
1092:             1             16  jdk.internal.misc.TerminatingThreadLocal$1 (java.base@11.0.24)
1093:             1             16  jdk.internal.misc.Unsafe (java.base@11.0.24)
1094:             1             16  jdk.internal.module.DefaultRoots$$Lambda$1/0x0000000800060040 (java.base@11.0.24)
1095:             1             16  jdk.internal.module.DefaultRoots$$Lambda$2/0x0000000800060840 (java.base@11.0.24)
1096:             1             16  jdk.internal.module.DefaultRoots$$Lambda$3/0x0000000800060c40 (java.base@11.0.24)
1097:             1             16  jdk.internal.module.DefaultRoots$$Lambda$4/0x0000000800061040 (java.base@11.0.24)
1098:             1             16  jdk.internal.module.DefaultRoots$$Lambda$9/0x0000000800062440 (java.base@11.0.24)
1099:             1             16  jdk.internal.module.ModuleLoaderMap$Mapper (java.base@11.0.24)
1100:             1             16  jdk.internal.module.ModulePatcher (java.base@11.0.24)
1101:             1             16  jdk.internal.module.ModuleTarget (java.base@11.0.24)
1102:             1             16  jdk.internal.module.SystemModules$all (java.base@11.0.24)
1103:             1             16  jdk.internal.perf.Perf (java.base@11.0.24)
1104:             1             16  jdk.internal.perf.Perf$GetPerfAction (java.base@11.0.24)
1105:             1             16  jdk.internal.ref.CleanerFactory$1 (java.base@11.0.24)
1106:             1             16  jdk.internal.reflect.GeneratedConstructorAccessor1 (java.base@11.0.24)
1107:             1             16  jdk.internal.reflect.GeneratedSerializationConstructorAccessor1 (java.base@11.0.24)
1108:             1             16  jdk.internal.reflect.GeneratedSerializationConstructorAccessor2 (java.base@11.0.24)
1109:             1             16  jdk.internal.reflect.GeneratedSerializationConstructorAccessor3 (java.base@11.0.24)
1110:             1             16  jdk.internal.reflect.ReflectionFactory (java.base@11.0.24)
1111:             1             16  jdk.internal.util.Preconditions$1 (java.base@11.0.24)
1112:             1             16  jdk.management.jfr.SettingDescriptorInfo$1 (jdk.management.jfr@11.0.24)
1113:             1             16  jdk.management.jfr.internal.FlightRecorderMXBeanProvider (jdk.management.jfr@11.0.24)
1114:             1             16  jdk.net.ExtendedSocketOptions$1 (jdk.net@11.0.24)
1115:             1             16  jdk.net.ExtendedSocketOptions$PlatformSocketOptions$1 (jdk.net@11.0.24)
1116:             1             16  jdk.net.MacOSXSocketOptions (jdk.net@11.0.24)
1117:             1             16  jdk.net.MacOSXSocketOptions$$Lambda$14/0x0000000800066840 (jdk.net@11.0.24)
1118:             1             16  sun.management.ClassLoadingImpl (java.management@11.0.24)
1119:             1             16  sun.management.jmxremote.ConnectorBootstrap$PermanentExporter (jdk.management.agent@11.0.24)
1120:             1             16  sun.management.jmxremote.LocalRMIServerSocketFactory (jdk.management.agent@11.0.24)
1121:             1             16  sun.net.InetAddressCachePolicy$1 (java.base@11.0.24)
1122:             1             16  sun.net.InetAddressCachePolicy$2 (java.base@11.0.24)
1123:             1             16  sun.net.NetProperties$1 (java.base@11.0.24)
1124:             1             16  sun.net.spi.DefaultProxySelector (java.base@11.0.24)
1125:             1             16  sun.net.spi.DefaultProxySelector$1 (java.base@11.0.24)
1126:             1             16  sun.net.www.protocol.file.Handler (java.base@11.0.24)
1127:             1             16  sun.net.www.protocol.jar.Handler (java.base@11.0.24)
1128:             1             16  sun.net.www.protocol.jrt.Handler (java.base@11.0.24)
1129:             1             16  sun.nio.ch.FileChannelImpl$1 (java.base@11.0.24)
1130:             1             16  sun.nio.ch.IOUtil$1 (java.base@11.0.24)
1131:             1             16  sun.nio.fs.MacOSXFileSystemProvider (java.base@11.0.24)
1132:             1             16  sun.nio.fs.NativeBuffers$1 (java.base@11.0.24)
1133:             1             16  sun.nio.fs.UnixFileAttributes$UnixAsBasicFileAttributes (java.base@11.0.24)
1134:             1             16  sun.nio.fs.UnixNativeDispatcher$1 (java.base@11.0.24)
1135:             1             16  sun.reflect.generics.tree.LongSignature (java.base@11.0.24)
1136:             1             16  sun.reflect.generics.tree.TypeVariableSignature (java.base@11.0.24)
1137:             1             16  sun.reflect.generics.tree.VoidDescriptor (java.base@11.0.24)
1138:             1             16  sun.rmi.runtime.Log$$Lambda$62/0x0000000800130040 (java.rmi@11.0.24)
1139:             1             16  sun.rmi.runtime.Log$LoggerLog$1 (java.rmi@11.0.24)
1140:             1             16  sun.rmi.runtime.Log$LoggerLogFactory (java.rmi@11.0.24)
1141:             1             16  sun.rmi.runtime.NewThreadAction$1 (java.rmi@11.0.24)
1142:             1             16  sun.rmi.runtime.NewThreadAction$2 (java.rmi@11.0.24)
1143:             1             16  sun.rmi.runtime.RuntimeUtil (java.rmi@11.0.24)
1144:             1             16  sun.rmi.runtime.RuntimeUtil$$Lambda$81/0x0000000800135440 (java.rmi@11.0.24)
1145:             1             16  sun.rmi.runtime.RuntimeUtil$GetInstanceAction (java.rmi@11.0.24)
1146:             1             16  sun.rmi.server.UnicastRef (java.rmi@11.0.24)
1147:             1             16  sun.rmi.server.UnicastRef$$Lambda$65/0x0000000800130c40 (java.rmi@11.0.24)
1148:             1             16  sun.rmi.server.UnicastRef2 (java.rmi@11.0.24)
1149:             1             16  sun.rmi.server.UnicastServerRef$$Lambda$66/0x0000000800131040 (java.rmi@11.0.24)
1150:             1             16  sun.rmi.server.UnicastServerRef$$Lambda$67/0x0000000800131440 (java.rmi@11.0.24)
1151:             1             16  sun.rmi.server.UnicastServerRef$$Lambda$68/0x0000000800131840 (java.rmi@11.0.24)
1152:             1             16  sun.rmi.server.UnicastServerRef$HashToMethod_Maps (java.rmi@11.0.24)
1153:             1             16  sun.rmi.server.Util$$Lambda$61/0x000000080010cc40 (java.rmi@11.0.24)
1154:             1             16  sun.rmi.server.Util$$Lambda$64/0x0000000800130840 (java.rmi@11.0.24)
1155:             1             16  sun.rmi.server.WeakClassHashMap$ValueCell (java.rmi@11.0.24)
1156:             1             16  sun.rmi.transport.DGCImpl$$Lambda$78/0x0000000800135840 (java.rmi@11.0.24)
1157:             1             16  sun.rmi.transport.DGCImpl$$Lambda$79/0x0000000800135c40 (java.rmi@11.0.24)
1158:             1             16  sun.rmi.transport.DGCImpl$$Lambda$80/0x0000000800135040 (java.rmi@11.0.24)
1159:             1             16  sun.rmi.transport.DGCImpl$$Lambda$82/0x0000000800134840 (java.rmi@11.0.24)
1160:             1             16  sun.rmi.transport.DGCImpl$2 (java.rmi@11.0.24)
1161:             1             16  sun.rmi.transport.DGCImpl$2$$Lambda$83/0x0000000800134c40 (java.rmi@11.0.24)
1162:             1             16  sun.rmi.transport.DGCImpl_Skel (java.rmi@11.0.24)
1163:             1             16  sun.rmi.transport.DGCImpl_Stub (java.rmi@11.0.24)
1164:             1             16  sun.rmi.transport.ObjectTable$$Lambda$77/0x0000000800136440 (java.rmi@11.0.24)
1165:             1             16  sun.rmi.transport.Transport$$Lambda$72/0x0000000800137040 (java.rmi@11.0.24)
1166:             1             16  sun.rmi.transport.tcp.TCPDirectSocketFactory (java.rmi@11.0.24)
1167:             1             16  sun.rmi.transport.tcp.TCPEndpoint$$Lambda$70/0x0000000800137840 (java.rmi@11.0.24)
1168:             1             16  sun.rmi.transport.tcp.TCPEndpoint$$Lambda$71/0x0000000800137c40 (java.rmi@11.0.24)
1169:             1             16  sun.rmi.transport.tcp.TCPTransport$$Lambda$73/0x0000000800137440 (java.rmi@11.0.24)
1170:             1             16  sun.rmi.transport.tcp.TCPTransport$$Lambda$74/0x0000000800136840 (java.rmi@11.0.24)
1171:             1             16  sun.rmi.transport.tcp.TCPTransport$$Lambda$75/0x0000000800136c40 (java.rmi@11.0.24)
1172:             1             16  sun.rmi.transport.tcp.TCPTransport$$Lambda$76/0x0000000800136040 (java.rmi@11.0.24)
1173:             1             16  sun.rmi.transport.tcp.TCPTransport$1 (java.rmi@11.0.24)
1174:             1             16  sun.security.jca.ProviderList$2 (java.base@11.0.24)
1175:             1             16  sun.security.provider.SunEntries (java.base@11.0.24)
1176:             1             16  sun.security.provider.SunEntries$1 (java.base@11.0.24)
1177:             1             16  sun.security.util.KnownOIDs$11 (java.base@11.0.24)
1178:             1             16  sun.util.calendar.Gregorian (java.base@11.0.24)
1179:             1             16  sun.util.calendar.ZoneInfoFile$1 (java.base@11.0.24)
1180:             1             16  sun.util.calendar.ZoneInfoFile$Checksum (java.base@11.0.24)
1181:             1             16  sun.util.cldr.CLDRBaseLocaleDataMetaInfo (java.base@11.0.24)
1182:             1             16  sun.util.cldr.CLDRLocaleProviderAdapter$$Lambda$23/0x000000080009f440 (java.base@11.0.24)
1183:             1             16  sun.util.cldr.CLDRLocaleProviderAdapter$1 (java.base@11.0.24)
1184:             1             16  sun.util.locale.InternalLocaleBuilder$CaseInsensitiveChar (java.base@11.0.24)
1185:             1             16  sun.util.locale.provider.JRELocaleProviderAdapter$$Lambda$21/0x000000080009b440 (java.base@11.0.24)
1186:             1             16  sun.util.locale.provider.JRELocaleProviderAdapter$$Lambda$24/0x000000080009e840 (java.base@11.0.24)
1187:             1             16  sun.util.locale.provider.JRELocaleProviderAdapter$$Lambda$25/0x000000080009ec40 (java.base@11.0.24)
1188:             1             16  sun.util.locale.provider.TimeZoneNameUtility$TimeZoneNameGetter (java.base@11.0.24)
1189:             1             16  sun.util.logging.internal.LoggingProviderImpl (java.logging@11.0.24)
1190:             1             16  sun.util.resources.LocaleData$LocaleDataStrategy (java.base@11.0.24)
1191:             1             16  sun.util.resources.provider.LocaleDataProvider (jdk.localedata@11.0.24)
1192:             1             16  sun.util.resources.provider.NonBaseLocaleDataMetaInfo (jdk.localedata@11.0.24)
Total        160524        9397328